
2026-03-05 12:59:45.247 [INFO] [T2] 已从内嵌 Notion 登录态读取 token_v2（尾号: ************************************************************************************************************************************************************************************************************************************************************************************************************************************************************************************************************************************************************************************************************************************************************************m8oQ-A） | 原始路径=-
2026-03-05 12:59:45.792 [INFO] [T2] 已保存本地配置 | 原始路径=-
2026-03-05 12:59:47.863 [INFO] [T2] [12:59:47] [同步] 分区：「数据字典-芜湖APS」 [1/72] | 原始路径=数据字典-芜湖APS
2026-03-05 12:59:48.662 [INFO] [T2] GetPageContentXmlAsync 开始, pageId={D62E2D9D-58B2-0BA7-0326-C2D95A1B0758}{1}{E1850487202195565108619572447153372842039898} | 原始路径=数据字典-芜湖APS/建表模板 (Template)
引发的异常:“System.Runtime.InteropServices.COMException”(位于 OneNoteToNotion.dll 中)
2026-03-05 12:59:48.687 [WARN] [T2] GetPageContent 尝试 #1 COM 异常, pageId={D62E2D9D-58B2-0BA7-0326-C2D95A1B0758}{1}{E1850487202195565108619572447153372842039898}, hresult=0x800706BA | 原始路径=数据字典-芜湖APS/建表模板 (Template)
2026-03-05 12:59:48.690 [INFO] [T2] 已释放 OneNote COM 实例 | 原始路径=数据字典-芜湖APS/建表模板 (Template)
2026-03-05 12:59:49.401 [INFO] [T2] 开始初始化 OneNote COM 实例（Microsoft.Office.Interop.OneNote.Application） | 原始路径=数据字典-芜湖APS/建表模板 (Template)
2026-03-05 12:59:49.739 [INFO] [T2] OneNote COM 实例初始化成功 | 原始路径=数据字典-芜湖APS/建表模板 (Template)
2026-03-05 12:59:49.870 [INFO] [T2] GetPageContentXmlAsync 成功, pageId={D62E2D9D-58B2-0BA7-0326-C2D95A1B0758}{1}{E1850487202195565108619572447153372842039898}, xmlLength=60498 | 原始路径=数据字典-芜湖APS/建表模板 (Template)
2026-03-05 12:59:49.882 [INFO] [T2] 诊断文件已保存: E:\90 AI\项目\OneNoteToNotion-AI\OneNoteToNotion\bin\Debug\net10.0-windows7.0\diagnostics\建表模板 (Template)_125949_raw.xml / E:\90 AI\项目\OneNoteToNotion-AI\OneNoteToNotion\bin\Debug\net10.0-windows7.0\diagnostics\建表模板 (Template)_125949_semantic.txt | 原始路径=数据字典-芜湖APS/建表模板 (Template)
2026-03-05 12:59:49.884 [INFO] [T2] [12:59:48] [同步]   页面：「建表模板 (Template)」 → 28 个内容块 [2/72] | 原始路径=数据字典-芜湖APS/建表模板 (Template)
2026-03-05 12:59:51.295 [INFO] [T2] GetPageContentXmlAsync 开始, pageId={D62E2D9D-58B2-0BA7-0326-C2D95A1B0758}{1}{E18504872021955651086195724471533728420398100} | 原始路径=数据字典-芜湖APS/01_基础数据_工厂建模
2026-03-05 12:59:51.309 [INFO] [T2] GetPageContentXmlAsync 成功, pageId={D62E2D9D-58B2-0BA7-0326-C2D95A1B0758}{1}{E18504872021955651086195724471533728420398100}, xmlLength=1353 | 原始路径=数据字典-芜湖APS/01_基础数据_工厂建模
2026-03-05 12:59:51.312 [INFO] [T2] 诊断文件已保存: E:\90 AI\项目\OneNoteToNotion-AI\OneNoteToNotion\bin\Debug\net10.0-windows7.0\diagnostics\01_基础数据_工厂建模_125951_raw.xml / E:\90 AI\项目\OneNoteToNotion-AI\OneNoteToNotion\bin\Debug\net10.0-windows7.0\diagnostics\01_基础数据_工厂建模_125951_semantic.txt | 原始路径=数据字典-芜湖APS/01_基础数据_工厂建模
2026-03-05 12:59:51.314 [INFO] [T2] [12:59:51] [同步]   页面：「01_基础数据_工厂建模」 → 0 个内容块 [3/72] | 原始路径=数据字典-芜湖APS/01_基础数据_工厂建模
2026-03-05 12:59:52.263 [INFO] [T2] [12:59:52] [写入完成] 「建表模板 (Template)」 28 个内容块已写入 | 原始路径=数据字典-芜湖APS/建表模板 (Template)
2026-03-05 12:59:52.675 [INFO] [T2] GetPageContentXmlAsync 开始, pageId={D62E2D9D-58B2-0BA7-0326-C2D95A1B0758}{1}{E18504872021955651086195724471533728420398101} | 原始路径=数据字典-芜湖APS/01_基础数据_工厂建模/01_00_工厂建模基础数据清单
2026-03-05 12:59:52.718 [INFO] [T2] GetPageContentXmlAsync 成功, pageId={D62E2D9D-58B2-0BA7-0326-C2D95A1B0758}{1}{E18504872021955651086195724471533728420398101}, xmlLength=40148 | 原始路径=数据字典-芜湖APS/01_基础数据_工厂建模/01_00_工厂建模基础数据清单
2026-03-05 12:59:52.725 [INFO] [T2] 诊断文件已保存: E:\90 AI\项目\OneNoteToNotion-AI\OneNoteToNotion\bin\Debug\net10.0-windows7.0\diagnostics\01_00_工厂建模基础数据清单_125952_raw.xml / E:\90 AI\项目\OneNoteToNotion-AI\OneNoteToNotion\bin\Debug\net10.0-windows7.0\diagnostics\01_00_工厂建模基础数据清单_125952_semantic.txt | 原始路径=数据字典-芜湖APS/01_基础数据_工厂建模/01_00_工厂建模基础数据清单
2026-03-05 12:59:52.726 [INFO] [T2] [12:59:52] [同步]     页面：「01_00_工厂建模基础数据清单」 → 1 个内容块 [4/72] | 原始路径=数据字典-芜湖APS/01_基础数据_工厂建模/01_00_工厂建模基础数据清单
2026-03-05 12:59:53.942 [INFO] [T2] GetPageContentXmlAsync 开始, pageId={D62E2D9D-58B2-0BA7-0326-C2D95A1B0758}{1}{E18504872021955651086195724471533728420398102} | 原始路径=数据字典-芜湖APS/01_基础数据_工厂建模/01_01_PS_SCHEDULE_REGION 公司 
2026-03-05 12:59:54.048 [INFO] [T2] GetPageContentXmlAsync 成功, pageId={D62E2D9D-58B2-0BA7-0326-C2D95A1B0758}{1}{E18504872021955651086195724471533728420398102}, xmlLength=89801 | 原始路径=数据字典-芜湖APS/01_基础数据_工厂建模/01_01_PS_SCHEDULE_REGION 公司 
2026-03-05 12:59:54.066 [INFO] [T2] 诊断文件已保存: E:\90 AI\项目\OneNoteToNotion-AI\OneNoteToNotion\bin\Debug\net10.0-windows7.0\diagnostics\01_01_PS_SCHEDULE_REGION 公司 _125954_raw.xml / E:\90 AI\项目\OneNoteToNotion-AI\OneNoteToNotion\bin\Debug\net10.0-windows7.0\diagnostics\01_01_PS_SCHEDULE_REGION 公司 _125954_semantic.txt | 原始路径=数据字典-芜湖APS/01_基础数据_工厂建模/01_01_PS_SCHEDULE_REGION 公司 
2026-03-05 12:59:54.068 [INFO] [T2] [12:59:53] [同步]     页面：「01_01_PS_SCHEDULE_REGION 公司 」 → 27 个内容块 [5/72] | 原始路径=数据字典-芜湖APS/01_基础数据_工厂建模/01_01_PS_SCHEDULE_REGION 公司 
2026-03-05 12:59:55.388 [INFO] [T2] [12:59:55] [写入完成] 「01_00_工厂建模基础数据清单」 1 个内容块已写入 | 原始路径=数据字典-芜湖APS/01_基础数据_工厂建模/01_00_工厂建模基础数据清单
2026-03-05 12:59:55.767 [INFO] [T2] GetPageContentXmlAsync 开始, pageId={D62E2D9D-58B2-0BA7-0326-C2D95A1B0758}{1}{E18504872021955651086195724471533728420398103} | 原始路径=数据字典-芜湖APS/01_基础数据_工厂建模/01_02_PS_PLANT 工厂
2026-03-05 12:59:55.861 [INFO] [T2] GetPageContentXmlAsync 成功, pageId={D62E2D9D-58B2-0BA7-0326-C2D95A1B0758}{1}{E18504872021955651086195724471533728420398103}, xmlLength=93836 | 原始路径=数据字典-芜湖APS/01_基础数据_工厂建模/01_02_PS_PLANT 工厂
2026-03-05 12:59:55.885 [INFO] [T2] 诊断文件已保存: E:\90 AI\项目\OneNoteToNotion-AI\OneNoteToNotion\bin\Debug\net10.0-windows7.0\diagnostics\01_02_PS_PLANT 工厂_125955_raw.xml / E:\90 AI\项目\OneNoteToNotion-AI\OneNoteToNotion\bin\Debug\net10.0-windows7.0\diagnostics\01_02_PS_PLANT 工厂_125955_semantic.txt | 原始路径=数据字典-芜湖APS/01_基础数据_工厂建模/01_02_PS_PLANT 工厂
2026-03-05 12:59:55.887 [INFO] [T2] [12:59:55] [同步]     页面：「01_02_PS_PLANT 工厂」 → 27 个内容块 [6/72] | 原始路径=数据字典-芜湖APS/01_基础数据_工厂建模/01_02_PS_PLANT 工厂
2026-03-05 12:59:57.731 [INFO] [T2] GetPageContentXmlAsync 开始, pageId={D62E2D9D-58B2-0BA7-0326-C2D95A1B0758}{1}{E18504872021955651086195724471533728420398104} | 原始路径=数据字典-芜湖APS/01_基础数据_工厂建模/01_03_PS_SCHEDULE_GROUP 计划组
2026-03-05 12:59:57.971 [INFO] [T2] GetPageContentXmlAsync 成功, pageId={D62E2D9D-58B2-0BA7-0326-C2D95A1B0758}{1}{E18504872021955651086195724471533728420398104}, xmlLength=142140 | 原始路径=数据字典-芜湖APS/01_基础数据_工厂建模/01_03_PS_SCHEDULE_GROUP 计划组
2026-03-05 12:59:58.001 [INFO] [T2] 诊断文件已保存: E:\90 AI\项目\OneNoteToNotion-AI\OneNoteToNotion\bin\Debug\net10.0-windows7.0\diagnostics\01_03_PS_SCHEDULE_GROUP 计划组_125957_raw.xml / E:\90 AI\项目\OneNoteToNotion-AI\OneNoteToNotion\bin\Debug\net10.0-windows7.0\diagnostics\01_03_PS_SCHEDULE_GROUP 计划组_125957_semantic.txt | 原始路径=数据字典-芜湖APS/01_基础数据_工厂建模/01_03_PS_SCHEDULE_GROUP 计划组
2026-03-05 12:59:58.002 [INFO] [T2] [12:59:57] [同步]     页面：「01_03_PS_SCHEDULE_GROUP 计划组」 → 26 个内容块 [7/72] | 原始路径=数据字典-芜湖APS/01_基础数据_工厂建模/01_03_PS_SCHEDULE_GROUP 计划组
2026-03-05 12:59:59.863 [INFO] [T2] GetPageContentXmlAsync 开始, pageId={D62E2D9D-58B2-0BA7-0326-C2D95A1B0758}{1}{E18504872021955651086195724471533728420398105} | 原始路径=数据字典-芜湖APS/01_基础数据_工厂建模/01_04_PS_RESOURCE 资源
2026-03-05 13:00:00.134 [INFO] [T2] GetPageContentXmlAsync 成功, pageId={D62E2D9D-58B2-0BA7-0326-C2D95A1B0758}{1}{E18504872021955651086195724471533728420398105}, xmlLength=214736 | 原始路径=数据字典-芜湖APS/01_基础数据_工厂建模/01_04_PS_RESOURCE 资源
2026-03-05 13:00:00.167 [INFO] [T2] 诊断文件已保存: E:\90 AI\项目\OneNoteToNotion-AI\OneNoteToNotion\bin\Debug\net10.0-windows7.0\diagnostics\01_04_PS_RESOURCE 资源_130000_raw.xml / E:\90 AI\项目\OneNoteToNotion-AI\OneNoteToNotion\bin\Debug\net10.0-windows7.0\diagnostics\01_04_PS_RESOURCE 资源_130000_semantic.txt | 原始路径=数据字典-芜湖APS/01_基础数据_工厂建模/01_04_PS_RESOURCE 资源
2026-03-05 13:00:00.169 [INFO] [T2] [12:59:59] [同步]     页面：「01_04_PS_RESOURCE 资源」 → 27 个内容块 [8/72] | 原始路径=数据字典-芜湖APS/01_基础数据_工厂建模/01_04_PS_RESOURCE 资源
2026-03-05 13:00:00.558 [INFO] [T2] [13:00:00] [写入完成] 「01_02_PS_PLANT 工厂」 27 个内容块已写入 | 原始路径=数据字典-芜湖APS/01_基础数据_工厂建模/01_02_PS_PLANT 工厂
2026-03-05 13:00:03.140 [INFO] [T2] [13:00:03] [写入完成] 「01_01_PS_SCHEDULE_REGION 公司 」 27 个内容块已写入 | 原始路径=数据字典-芜湖APS/01_基础数据_工厂建模/01_01_PS_SCHEDULE_REGION 公司 
2026-03-05 13:00:03.858 [INFO] [T2] [13:00:03] [写入完成] 「01_03_PS_SCHEDULE_GROUP 计划组」 26 个内容块已写入 | 原始路径=数据字典-芜湖APS/01_基础数据_工厂建模/01_03_PS_SCHEDULE_GROUP 计划组
2026-03-05 13:00:05.279 [INFO] [T2] [13:00:05] [写入完成] 「01_04_PS_RESOURCE 资源」 27 个内容块已写入 | 原始路径=数据字典-芜湖APS/01_基础数据_工厂建模/01_04_PS_RESOURCE 资源
2026-03-05 13:00:06.911 [INFO] [T2] GetPageContentXmlAsync 开始, pageId={D62E2D9D-58B2-0BA7-0326-C2D95A1B0758}{1}{E18504872021955651086195724471533728420398106} | 原始路径=数据字典-芜湖APS/01_基础数据_工厂建模/01_05_PS_MO_TYPE 工单类型
2026-03-05 13:00:06.999 [INFO] [T2] GetPageContentXmlAsync 成功, pageId={D62E2D9D-58B2-0BA7-0326-C2D95A1B0758}{1}{E18504872021955651086195724471533728420398106}, xmlLength=85478 | 原始路径=数据字典-芜湖APS/01_基础数据_工厂建模/01_05_PS_MO_TYPE 工单类型
2026-03-05 13:00:07.014 [INFO] [T2] 诊断文件已保存: E:\90 AI\项目\OneNoteToNotion-AI\OneNoteToNotion\bin\Debug\net10.0-windows7.0\diagnostics\01_05_PS_MO_TYPE 工单类型_130007_raw.xml / E:\90 AI\项目\OneNoteToNotion-AI\OneNoteToNotion\bin\Debug\net10.0-windows7.0\diagnostics\01_05_PS_MO_TYPE 工单类型_130007_semantic.txt | 原始路径=数据字典-芜湖APS/01_基础数据_工厂建模/01_05_PS_MO_TYPE 工单类型
2026-03-05 13:00:07.016 [INFO] [T2] [13:00:06] [同步]     页面：「01_05_PS_MO_TYPE 工单类型」 → 26 个内容块 [9/72] | 原始路径=数据字典-芜湖APS/01_基础数据_工厂建模/01_05_PS_MO_TYPE 工单类型
2026-03-05 13:00:08.713 [INFO] [T2] GetPageContentXmlAsync 开始, pageId={D62E2D9D-58B2-0BA7-0326-C2D95A1B0758}{1}{E18504872021955651086195724471533728420398107} | 原始路径=数据字典-芜湖APS/01_基础数据_工厂建模/01_06_PS_CALENDARS 工作日历
2026-03-05 13:00:08.733 [INFO] [T2] GetPageContentXmlAsync 成功, pageId={D62E2D9D-58B2-0BA7-0326-C2D95A1B0758}{1}{E18504872021955651086195724471533728420398107}, xmlLength=1389 | 原始路径=数据字典-芜湖APS/01_基础数据_工厂建模/01_06_PS_CALENDARS 工作日历
2026-03-05 13:00:08.737 [INFO] [T2] 诊断文件已保存: E:\90 AI\项目\OneNoteToNotion-AI\OneNoteToNotion\bin\Debug\net10.0-windows7.0\diagnostics\01_06_PS_CALENDARS 工作日历_130008_raw.xml / E:\90 AI\项目\OneNoteToNotion-AI\OneNoteToNotion\bin\Debug\net10.0-windows7.0\diagnostics\01_06_PS_CALENDARS 工作日历_130008_semantic.txt | 原始路径=数据字典-芜湖APS/01_基础数据_工厂建模/01_06_PS_CALENDARS 工作日历
2026-03-05 13:00:08.741 [INFO] [T2] [13:00:08] [同步]     页面：「01_06_PS_CALENDARS 工作日历」 → 0 个内容块 [10/72] | 原始路径=数据字典-芜湖APS/01_基础数据_工厂建模/01_06_PS_CALENDARS 工作日历
2026-03-05 13:00:10.022 [INFO] [T2] [13:00:10] [写入完成] 「01_05_PS_MO_TYPE 工单类型」 26 个内容块已写入 | 原始路径=数据字典-芜湖APS/01_基础数据_工厂建模/01_05_PS_MO_TYPE 工单类型
2026-03-05 13:00:10.585 [INFO] [T2] GetPageContentXmlAsync 开始, pageId={D62E2D9D-58B2-0BA7-0326-C2D95A1B0758}{1}{E18504872021955651086195724471533728420398108} | 原始路径=数据字典-芜湖APS/01_基础数据_工厂建模/01_06_PS_CALENDARS 工作日历/00_06_01_PS_CALENDARS 日历编码
2026-03-05 13:00:10.657 [INFO] [T2] GetPageContentXmlAsync 成功, pageId={D62E2D9D-58B2-0BA7-0326-C2D95A1B0758}{1}{E18504872021955651086195724471533728420398108}, xmlLength=72981 | 原始路径=数据字典-芜湖APS/01_基础数据_工厂建模/01_06_PS_CALENDARS 工作日历/00_06_01_PS_CALENDARS 日历编码
2026-03-05 13:00:10.669 [INFO] [T2] 诊断文件已保存: E:\90 AI\项目\OneNoteToNotion-AI\OneNoteToNotion\bin\Debug\net10.0-windows7.0\diagnostics\00_06_01_PS_CALENDARS 日历编码_130010_raw.xml / E:\90 AI\项目\OneNoteToNotion-AI\OneNoteToNotion\bin\Debug\net10.0-windows7.0\diagnostics\00_06_01_PS_CALENDARS 日历编码_130010_semantic.txt | 原始路径=数据字典-芜湖APS/01_基础数据_工厂建模/01_06_PS_CALENDARS 工作日历/00_06_01_PS_CALENDARS 日历编码
2026-03-05 13:00:10.671 [INFO] [T2] [13:00:10] [同步]       页面：「00_06_01_PS_CALENDARS 日历编码」 → 24 个内容块 [11/72] | 原始路径=数据字典-芜湖APS/01_基础数据_工厂建模/01_06_PS_CALENDARS 工作日历/00_06_01_PS_CALENDARS 日历编码
2026-03-05 13:00:12.224 [INFO] [T2] GetPageContentXmlAsync 开始, pageId={D62E2D9D-58B2-0BA7-0326-C2D95A1B0758}{1}{E18504872021955651086195724471533728420398109} | 原始路径=数据字典-芜湖APS/01_基础数据_工厂建模/01_06_PS_CALENDARS 工作日历/00_06_02_PS_CALENDAR_SHIFT 车间班次编码
2026-03-05 13:00:12.310 [INFO] [T2] GetPageContentXmlAsync 成功, pageId={D62E2D9D-58B2-0BA7-0326-C2D95A1B0758}{1}{E18504872021955651086195724471533728420398109}, xmlLength=78670 | 原始路径=数据字典-芜湖APS/01_基础数据_工厂建模/01_06_PS_CALENDARS 工作日历/00_06_02_PS_CALENDAR_SHIFT 车间班次编码
2026-03-05 13:00:12.324 [INFO] [T2] 诊断文件已保存: E:\90 AI\项目\OneNoteToNotion-AI\OneNoteToNotion\bin\Debug\net10.0-windows7.0\diagnostics\00_06_02_PS_CALENDAR_SHIFT 车间班次编码_130012_raw.xml / E:\90 AI\项目\OneNoteToNotion-AI\OneNoteToNotion\bin\Debug\net10.0-windows7.0\diagnostics\00_06_02_PS_CALENDAR_SHIFT 车间班次编码_130012_semantic.txt | 原始路径=数据字典-芜湖APS/01_基础数据_工厂建模/01_06_PS_CALENDARS 工作日历/00_06_02_PS_CALENDAR_SHIFT 车间班次编码
2026-03-05 13:00:12.326 [INFO] [T2] [13:00:12] [同步]       页面：「00_06_02_PS_CALENDAR_SHIFT 车间班次编码」 → 28 个内容块 [12/72] | 原始路径=数据字典-芜湖APS/01_基础数据_工厂建模/01_06_PS_CALENDARS 工作日历/00_06_02_PS_CALENDAR_SHIFT 车间班次编码
2026-03-05 13:00:13.670 [INFO] [T2] [13:00:13] [写入完成] 「00_06_01_PS_CALENDARS 日历编码」 24 个内容块已写入 | 原始路径=数据字典-芜湖APS/01_基础数据_工厂建模/01_06_PS_CALENDARS 工作日历/00_06_01_PS_CALENDARS 日历编码
2026-03-05 13:00:14.130 [INFO] [T2] GetPageContentXmlAsync 开始, pageId={D62E2D9D-58B2-0BA7-0326-C2D95A1B0758}{1}{E18504872021955651086195724471533728420398110} | 原始路径=数据字典-芜湖APS/01_基础数据_工厂建模/01_06_PS_CALENDARS 工作日历/00_06_03_PS_CALENDAR_SHIFT_TEMPLATE 班次时段
2026-03-05 13:00:14.272 [INFO] [T2] GetPageContentXmlAsync 成功, pageId={D62E2D9D-58B2-0BA7-0326-C2D95A1B0758}{1}{E18504872021955651086195724471533728420398110}, xmlLength=109761 | 原始路径=数据字典-芜湖APS/01_基础数据_工厂建模/01_06_PS_CALENDARS 工作日历/00_06_03_PS_CALENDAR_SHIFT_TEMPLATE 班次时段
2026-03-05 13:00:14.287 [INFO] [T2] 诊断文件已保存: E:\90 AI\项目\OneNoteToNotion-AI\OneNoteToNotion\bin\Debug\net10.0-windows7.0\diagnostics\00_06_03_PS_CALENDAR_SHIFT_TEMPLATE 班次时段_130014_raw.xml / E:\90 AI\项目\OneNoteToNotion-AI\OneNoteToNotion\bin\Debug\net10.0-windows7.0\diagnostics\00_06_03_PS_CALENDAR_SHIFT_TEMPLATE 班次时段_130014_semantic.txt | 原始路径=数据字典-芜湖APS/01_基础数据_工厂建模/01_06_PS_CALENDARS 工作日历/00_06_03_PS_CALENDAR_SHIFT_TEMPLATE 班次时段
2026-03-05 13:00:14.288 [INFO] [T2] [13:00:14] [同步]       页面：「00_06_03_PS_CALENDAR_SHIFT_TEMPLATE 班次时段」 → 28 个内容块 [13/72] | 原始路径=数据字典-芜湖APS/01_基础数据_工厂建模/01_06_PS_CALENDARS 工作日历/00_06_03_PS_CALENDAR_SHIFT_TEMPLATE 班次时段
2026-03-05 13:00:16.061 [INFO] [T2] [13:00:16] [写入完成] 「00_06_02_PS_CALENDAR_SHIFT 车间班次编码」 28 个内容块已写入 | 原始路径=数据字典-芜湖APS/01_基础数据_工厂建模/01_06_PS_CALENDARS 工作日历/00_06_02_PS_CALENDAR_SHIFT 车间班次编码
2026-03-05 13:00:16.594 [INFO] [T2] GetPageContentXmlAsync 开始, pageId={D62E2D9D-58B2-0BA7-0326-C2D95A1B0758}{1}{E18504872021955651086195724471533728420398111} | 原始路径=数据字典-芜湖APS/01_基础数据_工厂建模/01_06_PS_CALENDARS 工作日历/00_06_05_PS_CALENDAR_RES_WORK_TIMES 工作日历
2026-03-05 13:00:16.687 [INFO] [T2] GetPageContentXmlAsync 成功, pageId={D62E2D9D-58B2-0BA7-0326-C2D95A1B0758}{1}{E18504872021955651086195724471533728420398111}, xmlLength=85364 | 原始路径=数据字典-芜湖APS/01_基础数据_工厂建模/01_06_PS_CALENDARS 工作日历/00_06_05_PS_CALENDAR_RES_WORK_TIMES 工作日历
2026-03-05 13:00:16.701 [INFO] [T2] 诊断文件已保存: E:\90 AI\项目\OneNoteToNotion-AI\OneNoteToNotion\bin\Debug\net10.0-windows7.0\diagnostics\00_06_05_PS_CALENDAR_RES_WORK_TIMES 工作日历_130016_raw.xml / E:\90 AI\项目\OneNoteToNotion-AI\OneNoteToNotion\bin\Debug\net10.0-windows7.0\diagnostics\00_06_05_PS_CALENDAR_RES_WORK_TIMES 工作日历_130016_semantic.txt | 原始路径=数据字典-芜湖APS/01_基础数据_工厂建模/01_06_PS_CALENDARS 工作日历/00_06_05_PS_CALENDAR_RES_WORK_TIMES 工作日历
2026-03-05 13:00:16.703 [INFO] [T2] [13:00:16] [同步]       页面：「00_06_05_PS_CALENDAR_RES_WORK_TIMES 工作日历」 → 26 个内容块 [14/72] | 原始路径=数据字典-芜湖APS/01_基础数据_工厂建模/01_06_PS_CALENDARS 工作日历/00_06_05_PS_CALENDAR_RES_WORK_TIMES 工作日历
2026-03-05 13:00:17.800 [INFO] [T2] [13:00:17] [写入完成] 「00_06_03_PS_CALENDAR_SHIFT_TEMPLATE 班次时段」 28 个内容块已写入 | 原始路径=数据字典-芜湖APS/01_基础数据_工厂建模/01_06_PS_CALENDARS 工作日历/00_06_03_PS_CALENDAR_SHIFT_TEMPLATE 班次时段
2026-03-05 13:00:21.187 [INFO] [T2] GetPageContentXmlAsync 开始, pageId={D62E2D9D-58B2-0BA7-0326-C2D95A1B0758}{1}{E18504872021955651086195724471533728420398112} | 原始路径=数据字典-芜湖APS/01_基础数据_工厂建模/01_07_PS_CUSTOMER 客户
2026-03-05 13:00:21.344 [INFO] [T2] GetPageContentXmlAsync 成功, pageId={D62E2D9D-58B2-0BA7-0326-C2D95A1B0758}{1}{E18504872021955651086195724471533728420398112}, xmlLength=111330 | 原始路径=数据字典-芜湖APS/01_基础数据_工厂建模/01_07_PS_CUSTOMER 客户
2026-03-05 13:00:21.365 [INFO] [T2] 诊断文件已保存: E:\90 AI\项目\OneNoteToNotion-AI\OneNoteToNotion\bin\Debug\net10.0-windows7.0\diagnostics\01_07_PS_CUSTOMER 客户_130021_raw.xml / E:\90 AI\项目\OneNoteToNotion-AI\OneNoteToNotion\bin\Debug\net10.0-windows7.0\diagnostics\01_07_PS_CUSTOMER 客户_130021_semantic.txt | 原始路径=数据字典-芜湖APS/01_基础数据_工厂建模/01_07_PS_CUSTOMER 客户
2026-03-05 13:00:21.366 [INFO] [T2] [13:00:21] [同步]     页面：「01_07_PS_CUSTOMER 客户」 → 29 个内容块 [15/72] | 原始路径=数据字典-芜湖APS/01_基础数据_工厂建模/01_07_PS_CUSTOMER 客户
2026-03-05 13:00:21.441 [INFO] [T2] [13:00:21] [写入完成] 「00_06_05_PS_CALENDAR_RES_WORK_TIMES 工作日历」 26 个内容块已写入 | 原始路径=数据字典-芜湖APS/01_基础数据_工厂建模/01_06_PS_CALENDARS 工作日历/00_06_05_PS_CALENDAR_RES_WORK_TIMES 工作日历
2026-03-05 13:00:23.356 [INFO] [T2] GetPageContentXmlAsync 开始, pageId={D62E2D9D-58B2-0BA7-0326-C2D95A1B0758}{1}{E18504872021955651086195724471533728420398113} | 原始路径=数据字典-芜湖APS/01_基础数据_工厂建模/01_08_PS_SUBINVENTORIES 仓库
2026-03-05 13:00:23.442 [INFO] [T2] GetPageContentXmlAsync 成功, pageId={D62E2D9D-58B2-0BA7-0326-C2D95A1B0758}{1}{E18504872021955651086195724471533728420398113}, xmlLength=78860 | 原始路径=数据字典-芜湖APS/01_基础数据_工厂建模/01_08_PS_SUBINVENTORIES 仓库
2026-03-05 13:00:23.456 [INFO] [T2] 诊断文件已保存: E:\90 AI\项目\OneNoteToNotion-AI\OneNoteToNotion\bin\Debug\net10.0-windows7.0\diagnostics\01_08_PS_SUBINVENTORIES 仓库_130023_raw.xml / E:\90 AI\项目\OneNoteToNotion-AI\OneNoteToNotion\bin\Debug\net10.0-windows7.0\diagnostics\01_08_PS_SUBINVENTORIES 仓库_130023_semantic.txt | 原始路径=数据字典-芜湖APS/01_基础数据_工厂建模/01_08_PS_SUBINVENTORIES 仓库
2026-03-05 13:00:23.459 [INFO] [T2] [13:00:23] [同步]     页面：「01_08_PS_SUBINVENTORIES 仓库」 → 28 个内容块 [16/72] | 原始路径=数据字典-芜湖APS/01_基础数据_工厂建模/01_08_PS_SUBINVENTORIES 仓库
2026-03-05 13:00:24.659 [INFO] [T2] GetPageContentXmlAsync 开始, pageId={D62E2D9D-58B2-0BA7-0326-C2D95A1B0758}{1}{E18504872021955651086195724471533728420398114} | 原始路径=数据字典-芜湖APS/01_基础数据_工厂建模/01_09_PC_VENDORS 供应商
2026-03-05 13:00:24.752 [INFO] [T2] GetPageContentXmlAsync 成功, pageId={D62E2D9D-58B2-0BA7-0326-C2D95A1B0758}{1}{E18504872021955651086195724471533728420398114}, xmlLength=93500 | 原始路径=数据字典-芜湖APS/01_基础数据_工厂建模/01_09_PC_VENDORS 供应商
2026-03-05 13:00:24.768 [INFO] [T2] 诊断文件已保存: E:\90 AI\项目\OneNoteToNotion-AI\OneNoteToNotion\bin\Debug\net10.0-windows7.0\diagnostics\01_09_PC_VENDORS 供应商_130024_raw.xml / E:\90 AI\项目\OneNoteToNotion-AI\OneNoteToNotion\bin\Debug\net10.0-windows7.0\diagnostics\01_09_PC_VENDORS 供应商_130024_semantic.txt | 原始路径=数据字典-芜湖APS/01_基础数据_工厂建模/01_09_PC_VENDORS 供应商
2026-03-05 13:00:24.770 [INFO] [T2] [13:00:24] [同步]     页面：「01_09_PC_VENDORS 供应商」 → 28 个内容块 [17/72] | 原始路径=数据字典-芜湖APS/01_基础数据_工厂建模/01_09_PC_VENDORS 供应商
2026-03-05 13:00:26.686 [INFO] [T2] GetPageContentXmlAsync 开始, pageId={D62E2D9D-58B2-0BA7-0326-C2D95A1B0758}{1}{E18504872021955651086195724471533728420398115} | 原始路径=数据字典-芜湖APS/01_基础数据_工厂建模/01_10_PS_OP_PROCESS 工序定义
2026-03-05 13:00:26.767 [INFO] [T2] GetPageContentXmlAsync 成功, pageId={D62E2D9D-58B2-0BA7-0326-C2D95A1B0758}{1}{E18504872021955651086195724471533728420398115}, xmlLength=78217 | 原始路径=数据字典-芜湖APS/01_基础数据_工厂建模/01_10_PS_OP_PROCESS 工序定义
2026-03-05 13:00:26.796 [INFO] [T2] 诊断文件已保存: E:\90 AI\项目\OneNoteToNotion-AI\OneNoteToNotion\bin\Debug\net10.0-windows7.0\diagnostics\01_10_PS_OP_PROCESS 工序定义_130026_raw.xml / E:\90 AI\项目\OneNoteToNotion-AI\OneNoteToNotion\bin\Debug\net10.0-windows7.0\diagnostics\01_10_PS_OP_PROCESS 工序定义_130026_semantic.txt | 原始路径=数据字典-芜湖APS/01_基础数据_工厂建模/01_10_PS_OP_PROCESS 工序定义
2026-03-05 13:00:26.798 [INFO] [T2] [13:00:26] [同步]     页面：「01_10_PS_OP_PROCESS 工序定义」 → 26 个内容块 [18/72] | 原始路径=数据字典-芜湖APS/01_基础数据_工厂建模/01_10_PS_OP_PROCESS 工序定义
2026-03-05 13:00:27.194 [INFO] [T2] [13:00:27] [写入完成] 「01_07_PS_CUSTOMER 客户」 29 个内容块已写入 | 原始路径=数据字典-芜湖APS/01_基础数据_工厂建模/01_07_PS_CUSTOMER 客户
2026-03-05 13:00:28.309 [INFO] [T2] [13:00:28] [写入完成] 「01_08_PS_SUBINVENTORIES 仓库」 28 个内容块已写入 | 原始路径=数据字典-芜湖APS/01_基础数据_工厂建模/01_08_PS_SUBINVENTORIES 仓库
2026-03-05 13:00:29.531 [INFO] [T2] [13:00:29] [写入完成] 「01_10_PS_OP_PROCESS 工序定义」 26 个内容块已写入 | 原始路径=数据字典-芜湖APS/01_基础数据_工厂建模/01_10_PS_OP_PROCESS 工序定义
2026-03-05 13:00:30.331 [INFO] [T2] GetPageContentXmlAsync 开始, pageId={D62E2D9D-58B2-0BA7-0326-C2D95A1B0758}{1}{E18504872021955651086195724471533728420398116} | 原始路径=数据字典-芜湖APS/01_基础数据_物料信息
2026-03-05 13:00:30.362 [INFO] [T2] GetPageContentXmlAsync 成功, pageId={D62E2D9D-58B2-0BA7-0326-C2D95A1B0758}{1}{E18504872021955651086195724471533728420398116}, xmlLength=1567 | 原始路径=数据字典-芜湖APS/01_基础数据_物料信息
2026-03-05 13:00:30.368 [INFO] [T2] 诊断文件已保存: E:\90 AI\项目\OneNoteToNotion-AI\OneNoteToNotion\bin\Debug\net10.0-windows7.0\diagnostics\01_基础数据_物料信息_130030_raw.xml / E:\90 AI\项目\OneNoteToNotion-AI\OneNoteToNotion\bin\Debug\net10.0-windows7.0\diagnostics\01_基础数据_物料信息_130030_semantic.txt | 原始路径=数据字典-芜湖APS/01_基础数据_物料信息
2026-03-05 13:00:30.370 [INFO] [T2] [13:00:30] [同步]   页面：「01_基础数据_物料信息」 → 0 个内容块 [19/72] | 原始路径=数据字典-芜湖APS/01_基础数据_物料信息
2026-03-05 13:00:30.393 [INFO] [T2] [13:00:30] [写入完成] 「01_09_PC_VENDORS 供应商」 28 个内容块已写入 | 原始路径=数据字典-芜湖APS/01_基础数据_工厂建模/01_09_PC_VENDORS 供应商
2026-03-05 13:00:31.609 [INFO] [T2] GetPageContentXmlAsync 开始, pageId={D62E2D9D-58B2-0BA7-0326-C2D95A1B0758}{1}{E18504872021955651086195724471533728420398118} | 原始路径=数据字典-芜湖APS/01_基础数据_物料信息/00_00_物料信息基础数据清单
2026-03-05 13:00:31.684 [INFO] [T2] GetPageContentXmlAsync 成功, pageId={D62E2D9D-58B2-0BA7-0326-C2D95A1B0758}{1}{E18504872021955651086195724471533728420398118}, xmlLength=80736 | 原始路径=数据字典-芜湖APS/01_基础数据_物料信息/00_00_物料信息基础数据清单
2026-03-05 13:00:31.700 [INFO] [T2] 诊断文件已保存: E:\90 AI\项目\OneNoteToNotion-AI\OneNoteToNotion\bin\Debug\net10.0-windows7.0\diagnostics\00_00_物料信息基础数据清单_130031_raw.xml / E:\90 AI\项目\OneNoteToNotion-AI\OneNoteToNotion\bin\Debug\net10.0-windows7.0\diagnostics\00_00_物料信息基础数据清单_130031_semantic.txt | 原始路径=数据字典-芜湖APS/01_基础数据_物料信息/00_00_物料信息基础数据清单
2026-03-05 13:00:31.702 [INFO] [T2] [13:00:31] [同步]     页面：「00_00_物料信息基础数据清单」 → 26 个内容块 [20/72] | 原始路径=数据字典-芜湖APS/01_基础数据_物料信息/00_00_物料信息基础数据清单
2026-03-05 13:00:33.448 [INFO] [T2] GetPageContentXmlAsync 开始, pageId={D62E2D9D-58B2-0BA7-0326-C2D95A1B0758}{1}{E1850487202195565108619572447153372842039899} | 原始路径=数据字典-芜湖APS/01_基础数据_物料信息/00_01_BASE_MENU_GROUP_TL 菜单组
2026-03-05 13:00:33.524 [INFO] [T2] GetPageContentXmlAsync 成功, pageId={D62E2D9D-58B2-0BA7-0326-C2D95A1B0758}{1}{E1850487202195565108619572447153372842039899}, xmlLength=78347 | 原始路径=数据字典-芜湖APS/01_基础数据_物料信息/00_01_BASE_MENU_GROUP_TL 菜单组
2026-03-05 13:00:33.535 [INFO] [T2] 诊断文件已保存: E:\90 AI\项目\OneNoteToNotion-AI\OneNoteToNotion\bin\Debug\net10.0-windows7.0\diagnostics\00_01_BASE_MENU_GROUP_TL 菜单组_130033_raw.xml / E:\90 AI\项目\OneNoteToNotion-AI\OneNoteToNotion\bin\Debug\net10.0-windows7.0\diagnostics\00_01_BASE_MENU_GROUP_TL 菜单组_130033_semantic.txt | 原始路径=数据字典-芜湖APS/01_基础数据_物料信息/00_01_BASE_MENU_GROUP_TL 菜单组
2026-03-05 13:00:33.536 [INFO] [T2] [13:00:33] [同步]     页面：「00_01_BASE_MENU_GROUP_TL 菜单组」 → 26 个内容块 [21/72] | 原始路径=数据字典-芜湖APS/01_基础数据_物料信息/00_01_BASE_MENU_GROUP_TL 菜单组
2026-03-05 13:00:35.951 [INFO] [T2] GetPageContentXmlAsync 开始, pageId={D62E2D9D-58B2-0BA7-0326-C2D95A1B0758}{1}{E18504872021955651086195724471533728420398119} | 原始路径=数据字典-芜湖APS/01_基础数据_物料信息/00_01_PS_ITEM 物料主档
2026-03-05 13:00:36.409 [INFO] [T2] GetPageContentXmlAsync 成功, pageId={D62E2D9D-58B2-0BA7-0326-C2D95A1B0758}{1}{E18504872021955651086195724471533728420398119}, xmlLength=616730 | 原始路径=数据字典-芜湖APS/01_基础数据_物料信息/00_01_PS_ITEM 物料主档
2026-03-05 13:00:36.452 [INFO] [T2] 诊断文件已保存: E:\90 AI\项目\OneNoteToNotion-AI\OneNoteToNotion\bin\Debug\net10.0-windows7.0\diagnostics\00_01_PS_ITEM 物料主档_130036_raw.xml / E:\90 AI\项目\OneNoteToNotion-AI\OneNoteToNotion\bin\Debug\net10.0-windows7.0\diagnostics\00_01_PS_ITEM 物料主档_130036_semantic.txt | 原始路径=数据字典-芜湖APS/01_基础数据_物料信息/00_01_PS_ITEM 物料主档
2026-03-05 13:00:36.454 [INFO] [T2] [13:00:35] [同步]     页面：「00_01_PS_ITEM 物料主档」 → 26 个内容块 [22/72] | 原始路径=数据字典-芜湖APS/01_基础数据_物料信息/00_01_PS_ITEM 物料主档
2026-03-05 13:00:36.470 [INFO] [T2] [13:00:36] [写入完成] 「00_00_物料信息基础数据清单」 26 个内容块已写入 | 原始路径=数据字典-芜湖APS/01_基础数据_物料信息/00_00_物料信息基础数据清单
2026-03-05 13:00:38.934 [INFO] [T2] GetPageContentXmlAsync 开始, pageId={D62E2D9D-58B2-0BA7-0326-C2D95A1B0758}{1}{E18504872021955651086195724471533728420398120} | 原始路径=数据字典-芜湖APS/01_基础数据_物料信息/00_02_PS_BOM_STRUCTURES 物料BOM头表
2026-03-05 13:00:39.040 [INFO] [T2] GetPageContentXmlAsync 成功, pageId={D62E2D9D-58B2-0BA7-0326-C2D95A1B0758}{1}{E18504872021955651086195724471533728420398120}, xmlLength=126501 | 原始路径=数据字典-芜湖APS/01_基础数据_物料信息/00_02_PS_BOM_STRUCTURES 物料BOM头表
2026-03-05 13:00:39.053 [INFO] [T2] 诊断文件已保存: E:\90 AI\项目\OneNoteToNotion-AI\OneNoteToNotion\bin\Debug\net10.0-windows7.0\diagnostics\00_02_PS_BOM_STRUCTURES 物料BOM头表_130039_raw.xml / E:\90 AI\项目\OneNoteToNotion-AI\OneNoteToNotion\bin\Debug\net10.0-windows7.0\diagnostics\00_02_PS_BOM_STRUCTURES 物料BOM头表_130039_semantic.txt | 原始路径=数据字典-芜湖APS/01_基础数据_物料信息/00_02_PS_BOM_STRUCTURES 物料BOM头表
2026-03-05 13:00:39.056 [INFO] [T2] [13:00:38] [同步]     页面：「00_02_PS_BOM_STRUCTURES 物料BOM头表」 → 26 个内容块 [23/72] | 原始路径=数据字典-芜湖APS/01_基础数据_物料信息/00_02_PS_BOM_STRUCTURES 物料BOM头表
2026-03-05 13:00:40.153 [INFO] [T2] [13:00:40] [写入完成] 「00_01_BASE_MENU_GROUP_TL 菜单组」 26 个内容块已写入 | 原始路径=数据字典-芜湖APS/01_基础数据_物料信息/00_01_BASE_MENU_GROUP_TL 菜单组
2026-03-05 13:00:40.935 [INFO] [T2] GetPageContentXmlAsync 开始, pageId={D62E2D9D-58B2-0BA7-0326-C2D95A1B0758}{1}{E18504872021955651086195724471533728420398121} | 原始路径=数据字典-芜湖APS/01_基础数据_物料信息/00_03_PS_BOM_COMPONENTS 物料BOM行表
2026-03-05 13:00:41.071 [INFO] [T2] GetPageContentXmlAsync 成功, pageId={D62E2D9D-58B2-0BA7-0326-C2D95A1B0758}{1}{E18504872021955651086195724471533728420398121}, xmlLength=181829 | 原始路径=数据字典-芜湖APS/01_基础数据_物料信息/00_03_PS_BOM_COMPONENTS 物料BOM行表
2026-03-05 13:00:41.089 [INFO] [T2] 诊断文件已保存: E:\90 AI\项目\OneNoteToNotion-AI\OneNoteToNotion\bin\Debug\net10.0-windows7.0\diagnostics\00_03_PS_BOM_COMPONENTS 物料BOM行表_130041_raw.xml / E:\90 AI\项目\OneNoteToNotion-AI\OneNoteToNotion\bin\Debug\net10.0-windows7.0\diagnostics\00_03_PS_BOM_COMPONENTS 物料BOM行表_130041_semantic.txt | 原始路径=数据字典-芜湖APS/01_基础数据_物料信息/00_03_PS_BOM_COMPONENTS 物料BOM行表
2026-03-05 13:00:41.091 [INFO] [T2] [13:00:40] [同步]     页面：「00_03_PS_BOM_COMPONENTS 物料BOM行表」 → 26 个内容块 [24/72] | 原始路径=数据字典-芜湖APS/01_基础数据_物料信息/00_03_PS_BOM_COMPONENTS 物料BOM行表
2026-03-05 13:00:42.784 [INFO] [T2] [13:00:42] [写入完成] 「00_02_PS_BOM_STRUCTURES 物料BOM头表」 26 个内容块已写入 | 原始路径=数据字典-芜湖APS/01_基础数据_物料信息/00_02_PS_BOM_STRUCTURES 物料BOM头表
2026-03-05 13:00:43.464 [INFO] [T2] [13:00:43] [写入完成] 「00_01_PS_ITEM 物料主档」 26 个内容块已写入 | 原始路径=数据字典-芜湖APS/01_基础数据_物料信息/00_01_PS_ITEM 物料主档
2026-03-05 13:00:43.509 [INFO] [T2] GetPageContentXmlAsync 开始, pageId={D62E2D9D-58B2-0BA7-0326-C2D95A1B0758}{1}{E18504872021955651086195724471533728420398122} | 原始路径=数据字典-芜湖APS/01_基础数据_物料信息/00_04_PS_CATEGORY_SETS 类别集
2026-03-05 13:00:43.590 [INFO] [T2] GetPageContentXmlAsync 成功, pageId={D62E2D9D-58B2-0BA7-0326-C2D95A1B0758}{1}{E18504872021955651086195724471533728420398122}, xmlLength=125640 | 原始路径=数据字典-芜湖APS/01_基础数据_物料信息/00_04_PS_CATEGORY_SETS 类别集
2026-03-05 13:00:43.604 [INFO] [T2] 诊断文件已保存: E:\90 AI\项目\OneNoteToNotion-AI\OneNoteToNotion\bin\Debug\net10.0-windows7.0\diagnostics\00_04_PS_CATEGORY_SETS 类别集_130043_raw.xml / E:\90 AI\项目\OneNoteToNotion-AI\OneNoteToNotion\bin\Debug\net10.0-windows7.0\diagnostics\00_04_PS_CATEGORY_SETS 类别集_130043_semantic.txt | 原始路径=数据字典-芜湖APS/01_基础数据_物料信息/00_04_PS_CATEGORY_SETS 类别集
2026-03-05 13:00:43.606 [INFO] [T2] [13:00:43] [同步]     页面：「00_04_PS_CATEGORY_SETS 类别集」 → 26 个内容块 [25/72] | 原始路径=数据字典-芜湖APS/01_基础数据_物料信息/00_04_PS_CATEGORY_SETS 类别集
2026-03-05 13:00:45.302 [INFO] [T2] GetPageContentXmlAsync 开始, pageId={D62E2D9D-58B2-0BA7-0326-C2D95A1B0758}{1}{E18504872021955651086195724471533728420398123} | 原始路径=数据字典-芜湖APS/01_基础数据_物料信息/00_05_PS_CATEGORIES 类别
2026-03-05 13:00:45.480 [INFO] [T2] GetPageContentXmlAsync 成功, pageId={D62E2D9D-58B2-0BA7-0326-C2D95A1B0758}{1}{E18504872021955651086195724471533728420398123}, xmlLength=228690 | 原始路径=数据字典-芜湖APS/01_基础数据_物料信息/00_05_PS_CATEGORIES 类别
2026-03-05 13:00:45.499 [INFO] [T2] 诊断文件已保存: E:\90 AI\项目\OneNoteToNotion-AI\OneNoteToNotion\bin\Debug\net10.0-windows7.0\diagnostics\00_05_PS_CATEGORIES 类别_130045_raw.xml / E:\90 AI\项目\OneNoteToNotion-AI\OneNoteToNotion\bin\Debug\net10.0-windows7.0\diagnostics\00_05_PS_CATEGORIES 类别_130045_semantic.txt | 原始路径=数据字典-芜湖APS/01_基础数据_物料信息/00_05_PS_CATEGORIES 类别
2026-03-05 13:00:45.501 [INFO] [T2] [13:00:45] [同步]     页面：「00_05_PS_CATEGORIES 类别」 → 25 个内容块 [26/72] | 原始路径=数据字典-芜湖APS/01_基础数据_物料信息/00_05_PS_CATEGORIES 类别
2026-03-05 13:00:49.233 [INFO] [T2] [13:00:49] [写入完成] 「00_04_PS_CATEGORY_SETS 类别集」 26 个内容块已写入 | 原始路径=数据字典-芜湖APS/01_基础数据_物料信息/00_04_PS_CATEGORY_SETS 类别集
2026-03-05 13:00:49.564 [INFO] [T2] GetPageContentXmlAsync 开始, pageId={D62E2D9D-58B2-0BA7-0326-C2D95A1B0758}{1}{E18504872021955651086195724471533728420398137} | 原始路径=数据字典-芜湖APS/01_基础数据_物料信息/00_05_PS_MO_TYPE 工单类型
2026-03-05 13:00:49.656 [INFO] [T2] GetPageContentXmlAsync 成功, pageId={D62E2D9D-58B2-0BA7-0326-C2D95A1B0758}{1}{E18504872021955651086195724471533728420398137}, xmlLength=85330 | 原始路径=数据字典-芜湖APS/01_基础数据_物料信息/00_05_PS_MO_TYPE 工单类型
2026-03-05 13:00:49.669 [INFO] [T2] 诊断文件已保存: E:\90 AI\项目\OneNoteToNotion-AI\OneNoteToNotion\bin\Debug\net10.0-windows7.0\diagnostics\00_05_PS_MO_TYPE 工单类型_130049_raw.xml / E:\90 AI\项目\OneNoteToNotion-AI\OneNoteToNotion\bin\Debug\net10.0-windows7.0\diagnostics\00_05_PS_MO_TYPE 工单类型_130049_semantic.txt | 原始路径=数据字典-芜湖APS/01_基础数据_物料信息/00_05_PS_MO_TYPE 工单类型
2026-03-05 13:00:49.671 [INFO] [T2] [13:00:49] [同步]     页面：「00_05_PS_MO_TYPE 工单类型」 → 26 个内容块 [27/72] | 原始路径=数据字典-芜湖APS/01_基础数据_物料信息/00_05_PS_MO_TYPE 工单类型
2026-03-05 13:00:49.751 [INFO] [T2] [13:00:49] [写入完成] 「00_05_PS_CATEGORIES 类别」 25 个内容块已写入 | 原始路径=数据字典-芜湖APS/01_基础数据_物料信息/00_05_PS_CATEGORIES 类别
2026-03-05 13:00:51.670 [INFO] [T2] GetPageContentXmlAsync 开始, pageId={D62E2D9D-58B2-0BA7-0326-C2D95A1B0758}{1}{E18504872021955651086195724471533728420398161} | 原始路径=数据字典-芜湖APS/01_基础数据_物料信息/00_05_工单号生成规则
2026-03-05 13:00:51.708 [INFO] [T2] GetPageContentXmlAsync 成功, pageId={D62E2D9D-58B2-0BA7-0326-C2D95A1B0758}{1}{E18504872021955651086195724471533728420398161}, xmlLength=17110 | 原始路径=数据字典-芜湖APS/01_基础数据_物料信息/00_05_工单号生成规则
2026-03-05 13:00:51.713 [INFO] [T2] 诊断文件已保存: E:\90 AI\项目\OneNoteToNotion-AI\OneNoteToNotion\bin\Debug\net10.0-windows7.0\diagnostics\00_05_工单号生成规则_130051_raw.xml / E:\90 AI\项目\OneNoteToNotion-AI\OneNoteToNotion\bin\Debug\net10.0-windows7.0\diagnostics\00_05_工单号生成规则_130051_semantic.txt | 原始路径=数据字典-芜湖APS/01_基础数据_物料信息/00_05_工单号生成规则
2026-03-05 13:00:51.715 [INFO] [T2] [13:00:51] [同步]     页面：「00_05_工单号生成规则」 → 25 个内容块 [28/72] | 原始路径=数据字典-芜湖APS/01_基础数据_物料信息/00_05_工单号生成规则
2026-03-05 13:00:52.887 [INFO] [T2] [13:00:52] [写入完成] 「00_05_PS_MO_TYPE 工单类型」 26 个内容块已写入 | 原始路径=数据字典-芜湖APS/01_基础数据_物料信息/00_05_PS_MO_TYPE 工单类型
2026-03-05 13:00:53.346 [INFO] [T2] GetPageContentXmlAsync 开始, pageId={D62E2D9D-58B2-0BA7-0326-C2D95A1B0758}{1}{E18504872021955651086195724471533728420398160} | 原始路径=数据字典-芜湖APS/01_基础数据_物料信息/00_05_批次号生成规则
2026-03-05 13:00:53.385 [INFO] [T2] GetPageContentXmlAsync 成功, pageId={D62E2D9D-58B2-0BA7-0326-C2D95A1B0758}{1}{E18504872021955651086195724471533728420398160}, xmlLength=26842 | 原始路径=数据字典-芜湖APS/01_基础数据_物料信息/00_05_批次号生成规则
2026-03-05 13:00:53.393 [INFO] [T2] 诊断文件已保存: E:\90 AI\项目\OneNoteToNotion-AI\OneNoteToNotion\bin\Debug\net10.0-windows7.0\diagnostics\00_05_批次号生成规则_130053_raw.xml / E:\90 AI\项目\OneNoteToNotion-AI\OneNoteToNotion\bin\Debug\net10.0-windows7.0\diagnostics\00_05_批次号生成规则_130053_semantic.txt | 原始路径=数据字典-芜湖APS/01_基础数据_物料信息/00_05_批次号生成规则
2026-03-05 13:00:53.394 [INFO] [T2] [13:00:53] [同步]     页面：「00_05_批次号生成规则」 → 35 个内容块 [29/72] | 原始路径=数据字典-芜湖APS/01_基础数据_物料信息/00_05_批次号生成规则
2026-03-05 13:00:53.844 [INFO] [T2] [13:00:53] [写入完成] 「00_05_工单号生成规则」 25 个内容块已写入 | 原始路径=数据字典-芜湖APS/01_基础数据_物料信息/00_05_工单号生成规则
2026-03-05 13:00:54.693 [INFO] [T2] GetPageContentXmlAsync 开始, pageId={D62E2D9D-58B2-0BA7-0326-C2D95A1B0758}{1}{E18504872021955651086195724471533728420398124} | 原始路径=数据字典-芜湖APS/01_基础数据_物料信息/00_06_PS_ITEM_CATEGORIES 物料类别分配
2026-03-05 13:00:54.757 [INFO] [T2] GetPageContentXmlAsync 成功, pageId={D62E2D9D-58B2-0BA7-0326-C2D95A1B0758}{1}{E18504872021955651086195724471533728420398124}, xmlLength=91153 | 原始路径=数据字典-芜湖APS/01_基础数据_物料信息/00_06_PS_ITEM_CATEGORIES 物料类别分配
2026-03-05 13:00:54.766 [INFO] [T2] 诊断文件已保存: E:\90 AI\项目\OneNoteToNotion-AI\OneNoteToNotion\bin\Debug\net10.0-windows7.0\diagnostics\00_06_PS_ITEM_CATEGORIES 物料类别分配_130054_raw.xml / E:\90 AI\项目\OneNoteToNotion-AI\OneNoteToNotion\bin\Debug\net10.0-windows7.0\diagnostics\00_06_PS_ITEM_CATEGORIES 物料类别分配_130054_semantic.txt | 原始路径=数据字典-芜湖APS/01_基础数据_物料信息/00_06_PS_ITEM_CATEGORIES 物料类别分配
2026-03-05 13:00:54.768 [INFO] [T2] [13:00:54] [同步]     页面：「00_06_PS_ITEM_CATEGORIES 物料类别分配」 → 26 个内容块 [30/72] | 原始路径=数据字典-芜湖APS/01_基础数据_物料信息/00_06_PS_ITEM_CATEGORIES 物料类别分配
2026-03-05 13:00:56.604 [INFO] [T2] [13:00:56] [写入完成] 「00_05_批次号生成规则」 35 个内容块已写入 | 原始路径=数据字典-芜湖APS/01_基础数据_物料信息/00_05_批次号生成规则
2026-03-05 13:00:57.603 [INFO] [T2] GetPageContentXmlAsync 开始, pageId={D62E2D9D-58B2-0BA7-0326-C2D95A1B0758}{1}{E18504872021955651086195724471533728420398125} | 原始路径=数据字典-芜湖APS/01_基础数据_物料信息/00_07_PS_ITEM_ROUTINGS 物料与工艺路线关系
2026-03-05 13:00:57.810 [INFO] [T2] GetPageContentXmlAsync 成功, pageId={D62E2D9D-58B2-0BA7-0326-C2D95A1B0758}{1}{E18504872021955651086195724471533728420398125}, xmlLength=284863 | 原始路径=数据字典-芜湖APS/01_基础数据_物料信息/00_07_PS_ITEM_ROUTINGS 物料与工艺路线关系
2026-03-05 13:00:57.833 [INFO] [T2] 诊断文件已保存: E:\90 AI\项目\OneNoteToNotion-AI\OneNoteToNotion\bin\Debug\net10.0-windows7.0\diagnostics\00_07_PS_ITEM_ROUTINGS 物料与工艺路线关系_130057_raw.xml / E:\90 AI\项目\OneNoteToNotion-AI\OneNoteToNotion\bin\Debug\net10.0-windows7.0\diagnostics\00_07_PS_ITEM_ROUTINGS 物料与工艺路线关系_130057_semantic.txt | 原始路径=数据字典-芜湖APS/01_基础数据_物料信息/00_07_PS_ITEM_ROUTINGS 物料与工艺路线关系
2026-03-05 13:00:57.835 [INFO] [T2] [13:00:57] [同步]     页面：「00_07_PS_ITEM_ROUTINGS 物料与工艺路线关系」 → 26 个内容块 [31/72] | 原始路径=数据字典-芜湖APS/01_基础数据_物料信息/00_07_PS_ITEM_ROUTINGS 物料与工艺路线关系
2026-03-05 13:01:03.663 [INFO] [T2] GetPageContentXmlAsync 开始, pageId={D62E2D9D-58B2-0BA7-0326-C2D95A1B0758}{1}{E18504872021955651086195724471533728420398126} | 原始路径=数据字典-芜湖APS/01_基础数据_物料信息/00_08_PS_ONHAND_QUANTITIES 现有量
2026-03-05 13:01:03.808 [INFO] [T2] GetPageContentXmlAsync 成功, pageId={D62E2D9D-58B2-0BA7-0326-C2D95A1B0758}{1}{E18504872021955651086195724471533728420398126}, xmlLength=205465 | 原始路径=数据字典-芜湖APS/01_基础数据_物料信息/00_08_PS_ONHAND_QUANTITIES 现有量
2026-03-05 13:01:03.827 [INFO] [T2] 诊断文件已保存: E:\90 AI\项目\OneNoteToNotion-AI\OneNoteToNotion\bin\Debug\net10.0-windows7.0\diagnostics\00_08_PS_ONHAND_QUANTITIES 现有量_130103_raw.xml / E:\90 AI\项目\OneNoteToNotion-AI\OneNoteToNotion\bin\Debug\net10.0-windows7.0\diagnostics\00_08_PS_ONHAND_QUANTITIES 现有量_130103_semantic.txt | 原始路径=数据字典-芜湖APS/01_基础数据_物料信息/00_08_PS_ONHAND_QUANTITIES 现有量
2026-03-05 13:01:03.828 [INFO] [T2] [13:01:03] [同步]     页面：「00_08_PS_ONHAND_QUANTITIES 现有量」 → 27 个内容块 [32/72] | 原始路径=数据字典-芜湖APS/01_基础数据_物料信息/00_08_PS_ONHAND_QUANTITIES 现有量
2026-03-05 13:01:06.983 [INFO] [T2] [13:01:06] [写入完成] 「00_07_PS_ITEM_ROUTINGS 物料与工艺路线关系」 26 个内容块已写入 | 原始路径=数据字典-芜湖APS/01_基础数据_物料信息/00_07_PS_ITEM_ROUTINGS 物料与工艺路线关系
2026-03-05 13:01:07.446 [INFO] [T2] [13:01:07] [写入完成] 「00_06_PS_ITEM_CATEGORIES 物料类别分配」 26 个内容块已写入 | 原始路径=数据字典-芜湖APS/01_基础数据_物料信息/00_06_PS_ITEM_CATEGORIES 物料类别分配
2026-03-05 13:01:07.801 [INFO] [T2] GetPageContentXmlAsync 开始, pageId={D62E2D9D-58B2-0BA7-0326-C2D95A1B0758}{1}{E18504872021955651086195724471533728420398127} | 原始路径=数据字典-芜湖APS/01_基础数据_物料信息/00_09_PP_SAFE_STOCK 安全库存
2026-03-05 13:01:07.968 [INFO] [T2] GetPageContentXmlAsync 成功, pageId={D62E2D9D-58B2-0BA7-0326-C2D95A1B0758}{1}{E18504872021955651086195724471533728420398127}, xmlLength=215735 | 原始路径=数据字典-芜湖APS/01_基础数据_物料信息/00_09_PP_SAFE_STOCK 安全库存
2026-03-05 13:01:07.993 [INFO] [T2] 诊断文件已保存: E:\90 AI\项目\OneNoteToNotion-AI\OneNoteToNotion\bin\Debug\net10.0-windows7.0\diagnostics\00_09_PP_SAFE_STOCK 安全库存_130107_raw.xml / E:\90 AI\项目\OneNoteToNotion-AI\OneNoteToNotion\bin\Debug\net10.0-windows7.0\diagnostics\00_09_PP_SAFE_STOCK 安全库存_130107_semantic.txt | 原始路径=数据字典-芜湖APS/01_基础数据_物料信息/00_09_PP_SAFE_STOCK 安全库存
2026-03-05 13:01:07.995 [INFO] [T2] [13:01:07] [同步]     页面：「00_09_PP_SAFE_STOCK 安全库存」 → 26 个内容块 [33/72] | 原始路径=数据字典-芜湖APS/01_基础数据_物料信息/00_09_PP_SAFE_STOCK 安全库存
2026-03-05 13:01:12.515 [INFO] [T2] [13:01:12] [写入完成] 「00_08_PS_ONHAND_QUANTITIES 现有量」 27 个内容块已写入 | 原始路径=数据字典-芜湖APS/01_基础数据_物料信息/00_08_PS_ONHAND_QUANTITIES 现有量
2026-03-05 13:01:13.087 [INFO] [T2] GetPageContentXmlAsync 开始, pageId={D62E2D9D-58B2-0BA7-0326-C2D95A1B0758}{1}{E18504872021955651086195724471533728420398128} | 原始路径=数据字典-芜湖APS/01_基础数据_物料信息/00_10_PS_LEAD_TIME_PRODUCTION  跟单件提前期
2026-03-05 13:01:13.224 [INFO] [T2] GetPageContentXmlAsync 成功, pageId={D62E2D9D-58B2-0BA7-0326-C2D95A1B0758}{1}{E18504872021955651086195724471533728420398128}, xmlLength=166029 | 原始路径=数据字典-芜湖APS/01_基础数据_物料信息/00_10_PS_LEAD_TIME_PRODUCTION  跟单件提前期
2026-03-05 13:01:13.239 [INFO] [T2] 诊断文件已保存: E:\90 AI\项目\OneNoteToNotion-AI\OneNoteToNotion\bin\Debug\net10.0-windows7.0\diagnostics\00_10_PS_LEAD_TIME_PRODUCTION  跟单件提前期_130113_raw.xml / E:\90 AI\项目\OneNoteToNotion-AI\OneNoteToNotion\bin\Debug\net10.0-windows7.0\diagnostics\00_10_PS_LEAD_TIME_PRODUCTION  跟单件提前期_130113_semantic.txt | 原始路径=数据字典-芜湖APS/01_基础数据_物料信息/00_10_PS_LEAD_TIME_PRODUCTION  跟单件提前期
2026-03-05 13:01:13.241 [INFO] [T2] [13:01:13] [同步]     页面：「00_10_PS_LEAD_TIME_PRODUCTION  跟单件提前期」 → 26 个内容块 [34/72] | 原始路径=数据字典-芜湖APS/01_基础数据_物料信息/00_10_PS_LEAD_TIME_PRODUCTION  跟单件提前期
2026-03-05 13:01:13.419 [INFO] [T2] [13:01:13] [写入完成] 「00_03_PS_BOM_COMPONENTS 物料BOM行表」 26 个内容块已写入 | 原始路径=数据字典-芜湖APS/01_基础数据_物料信息/00_03_PS_BOM_COMPONENTS 物料BOM行表
2026-03-05 13:01:14.455 [INFO] [T2] GetPageContentXmlAsync 开始, pageId={D62E2D9D-58B2-0BA7-0326-C2D95A1B0758}{1}{E18504872021955651086195724471533728420398129} | 原始路径=数据字典-芜湖APS/01_基础数据_物料信息/00_11_PS_ITEM_SWITCH_TIME 换模换型时间
2026-03-05 13:01:14.546 [INFO] [T2] GetPageContentXmlAsync 成功, pageId={D62E2D9D-58B2-0BA7-0326-C2D95A1B0758}{1}{E18504872021955651086195724471533728420398129}, xmlLength=82030 | 原始路径=数据字典-芜湖APS/01_基础数据_物料信息/00_11_PS_ITEM_SWITCH_TIME 换模换型时间
2026-03-05 13:01:14.562 [INFO] [T2] 诊断文件已保存: E:\90 AI\项目\OneNoteToNotion-AI\OneNoteToNotion\bin\Debug\net10.0-windows7.0\diagnostics\00_11_PS_ITEM_SWITCH_TIME 换模换型时间_130114_raw.xml / E:\90 AI\项目\OneNoteToNotion-AI\OneNoteToNotion\bin\Debug\net10.0-windows7.0\diagnostics\00_11_PS_ITEM_SWITCH_TIME 换模换型时间_130114_semantic.txt | 原始路径=数据字典-芜湖APS/01_基础数据_物料信息/00_11_PS_ITEM_SWITCH_TIME 换模换型时间
2026-03-05 13:01:14.564 [INFO] [T2] [13:01:14] [同步]     页面：「00_11_PS_ITEM_SWITCH_TIME 换模换型时间」 → 26 个内容块 [35/72] | 原始路径=数据字典-芜湖APS/01_基础数据_物料信息/00_11_PS_ITEM_SWITCH_TIME 换模换型时间
2026-03-05 13:01:17.308 [INFO] [T2] GetPageContentXmlAsync 开始, pageId={D62E2D9D-58B2-0BA7-0326-C2D95A1B0758}{1}{E18504872021955651086195724471533728420398130} | 原始路径=数据字典-芜湖APS/01_基础数据_物料信息/00_12_PC_APPROVED_VENDOR_LIST 物料合格供应商
2026-03-05 13:01:17.508 [INFO] [T2] GetPageContentXmlAsync 成功, pageId={D62E2D9D-58B2-0BA7-0326-C2D95A1B0758}{1}{E18504872021955651086195724471533728420398130}, xmlLength=145496 | 原始路径=数据字典-芜湖APS/01_基础数据_物料信息/00_12_PC_APPROVED_VENDOR_LIST 物料合格供应商
2026-03-05 13:01:17.526 [INFO] [T2] 诊断文件已保存: E:\90 AI\项目\OneNoteToNotion-AI\OneNoteToNotion\bin\Debug\net10.0-windows7.0\diagnostics\00_12_PC_APPROVED_VENDOR_LIST 物料合格供应商_130117_raw.xml / E:\90 AI\项目\OneNoteToNotion-AI\OneNoteToNotion\bin\Debug\net10.0-windows7.0\diagnostics\00_12_PC_APPROVED_VENDOR_LIST 物料合格供应商_130117_semantic.txt | 原始路径=数据字典-芜湖APS/01_基础数据_物料信息/00_12_PC_APPROVED_VENDOR_LIST 物料合格供应商
2026-03-05 13:01:17.527 [INFO] [T2] [13:01:17] [同步]     页面：「00_12_PC_APPROVED_VENDOR_LIST 物料合格供应商」 → 26 个内容块 [36/72] | 原始路径=数据字典-芜湖APS/01_基础数据_物料信息/00_12_PC_APPROVED_VENDOR_LIST 物料合格供应商
2026-03-05 13:01:17.895 [INFO] [T2] [13:01:17] [写入完成] 「00_10_PS_LEAD_TIME_PRODUCTION  跟单件提前期」 26 个内容块已写入 | 原始路径=数据字典-芜湖APS/01_基础数据_物料信息/00_10_PS_LEAD_TIME_PRODUCTION  跟单件提前期
2026-03-05 13:01:19.738 [INFO] [T2] [13:01:19] [写入完成] 「00_09_PP_SAFE_STOCK 安全库存」 26 个内容块已写入 | 原始路径=数据字典-芜湖APS/01_基础数据_物料信息/00_09_PP_SAFE_STOCK 安全库存
2026-03-05 13:01:20.188 [INFO] [T2] GetPageContentXmlAsync 开始, pageId={D62E2D9D-58B2-0BA7-0326-C2D95A1B0758}{1}{E18504872021955651086195724471533728420398131} | 原始路径=数据字典-芜湖APS/01_基础数据_物料信息/00_13_SOP_CUSTOMER_ITEM 客户产品编码对照表
2026-03-05 13:01:20.303 [INFO] [T2] GetPageContentXmlAsync 成功, pageId={D62E2D9D-58B2-0BA7-0326-C2D95A1B0758}{1}{E18504872021955651086195724471533728420398131}, xmlLength=92447 | 原始路径=数据字典-芜湖APS/01_基础数据_物料信息/00_13_SOP_CUSTOMER_ITEM 客户产品编码对照表
2026-03-05 13:01:20.326 [INFO] [T2] 诊断文件已保存: E:\90 AI\项目\OneNoteToNotion-AI\OneNoteToNotion\bin\Debug\net10.0-windows7.0\diagnostics\00_13_SOP_CUSTOMER_ITEM 客户产品编码对照表_130120_raw.xml / E:\90 AI\项目\OneNoteToNotion-AI\OneNoteToNotion\bin\Debug\net10.0-windows7.0\diagnostics\00_13_SOP_CUSTOMER_ITEM 客户产品编码对照表_130120_semantic.txt | 原始路径=数据字典-芜湖APS/01_基础数据_物料信息/00_13_SOP_CUSTOMER_ITEM 客户产品编码对照表
2026-03-05 13:01:20.329 [INFO] [T2] [13:01:20] [同步]     页面：「00_13_SOP_CUSTOMER_ITEM 客户产品编码对照表」 → 25 个内容块 [37/72] | 原始路径=数据字典-芜湖APS/01_基础数据_物料信息/00_13_SOP_CUSTOMER_ITEM 客户产品编码对照表
2026-03-05 13:01:23.918 [INFO] [T2] GetPageContentXmlAsync 开始, pageId={D62E2D9D-58B2-0BA7-0326-C2D95A1B0758}{1}{E18504872021955651086195724471533728420398132} | 原始路径=数据字典-芜湖APS/01_基础数据_物料信息/00_14_PS_MO_REQUIREMENT 工单组件
2026-03-05 13:01:24.065 [INFO] [T2] GetPageContentXmlAsync 成功, pageId={D62E2D9D-58B2-0BA7-0326-C2D95A1B0758}{1}{E18504872021955651086195724471533728420398132}, xmlLength=102533 | 原始路径=数据字典-芜湖APS/01_基础数据_物料信息/00_14_PS_MO_REQUIREMENT 工单组件
2026-03-05 13:01:24.084 [INFO] [T2] 诊断文件已保存: E:\90 AI\项目\OneNoteToNotion-AI\OneNoteToNotion\bin\Debug\net10.0-windows7.0\diagnostics\00_14_PS_MO_REQUIREMENT 工单组件_130124_raw.xml / E:\90 AI\项目\OneNoteToNotion-AI\OneNoteToNotion\bin\Debug\net10.0-windows7.0\diagnostics\00_14_PS_MO_REQUIREMENT 工单组件_130124_semantic.txt | 原始路径=数据字典-芜湖APS/01_基础数据_物料信息/00_14_PS_MO_REQUIREMENT 工单组件
2026-03-05 13:01:24.085 [INFO] [T2] [13:01:23] [同步]     页面：「00_14_PS_MO_REQUIREMENT 工单组件」 → 26 个内容块 [38/72] | 原始路径=数据字典-芜湖APS/01_基础数据_物料信息/00_14_PS_MO_REQUIREMENT 工单组件
2026-03-05 13:01:24.453 [INFO] [T2] [13:01:24] [写入完成] 「00_12_PC_APPROVED_VENDOR_LIST 物料合格供应商」 26 个内容块已写入 | 原始路径=数据字典-芜湖APS/01_基础数据_物料信息/00_12_PC_APPROVED_VENDOR_LIST 物料合格供应商
2026-03-05 13:01:26.214 [INFO] [T2] [13:01:26] [写入完成] 「00_13_SOP_CUSTOMER_ITEM 客户产品编码对照表」 25 个内容块已写入 | 原始路径=数据字典-芜湖APS/01_基础数据_物料信息/00_13_SOP_CUSTOMER_ITEM 客户产品编码对照表
2026-03-05 13:01:27.108 [INFO] [T2] [13:01:27] [写入完成] 「00_11_PS_ITEM_SWITCH_TIME 换模换型时间」 26 个内容块已写入 | 原始路径=数据字典-芜湖APS/01_基础数据_物料信息/00_11_PS_ITEM_SWITCH_TIME 换模换型时间
2026-03-05 13:01:29.510 [INFO] [T2] GetPageContentXmlAsync 开始, pageId={D62E2D9D-58B2-0BA7-0326-C2D95A1B0758}{1}{E18504872021955651086195724471533728420398133} | 原始路径=数据字典-芜湖APS/01_基础数据_物料信息/00_15_SOP_PRODUCT_INFO 产品信息维护
2026-03-05 13:01:29.659 [INFO] [T2] GetPageContentXmlAsync 成功, pageId={D62E2D9D-58B2-0BA7-0326-C2D95A1B0758}{1}{E18504872021955651086195724471533728420398133}, xmlLength=107459 | 原始路径=数据字典-芜湖APS/01_基础数据_物料信息/00_15_SOP_PRODUCT_INFO 产品信息维护
2026-03-05 13:01:29.677 [INFO] [T2] 诊断文件已保存: E:\90 AI\项目\OneNoteToNotion-AI\OneNoteToNotion\bin\Debug\net10.0-windows7.0\diagnostics\00_15_SOP_PRODUCT_INFO 产品信息维护_130129_raw.xml / E:\90 AI\项目\OneNoteToNotion-AI\OneNoteToNotion\bin\Debug\net10.0-windows7.0\diagnostics\00_15_SOP_PRODUCT_INFO 产品信息维护_130129_semantic.txt | 原始路径=数据字典-芜湖APS/01_基础数据_物料信息/00_15_SOP_PRODUCT_INFO 产品信息维护
2026-03-05 13:01:29.679 [INFO] [T2] [13:01:29] [同步]     页面：「00_15_SOP_PRODUCT_INFO 产品信息维护」 → 26 个内容块 [39/72] | 原始路径=数据字典-芜湖APS/01_基础数据_物料信息/00_15_SOP_PRODUCT_INFO 产品信息维护
2026-03-05 13:01:31.090 [INFO] [T2] GetPageContentXmlAsync 开始, pageId={D62E2D9D-58B2-0BA7-0326-C2D95A1B0758}{1}{E18504872021955651086195724471533728420398134} | 原始路径=数据字典-芜湖APS/01_基础数据_物料信息/00_16_SOP_HISTORY_DELIVERY 历史出库
2026-03-05 13:01:31.190 [INFO] [T2] GetPageContentXmlAsync 成功, pageId={D62E2D9D-58B2-0BA7-0326-C2D95A1B0758}{1}{E18504872021955651086195724471533728420398134}, xmlLength=84540 | 原始路径=数据字典-芜湖APS/01_基础数据_物料信息/00_16_SOP_HISTORY_DELIVERY 历史出库
2026-03-05 13:01:31.205 [INFO] [T2] 诊断文件已保存: E:\90 AI\项目\OneNoteToNotion-AI\OneNoteToNotion\bin\Debug\net10.0-windows7.0\diagnostics\00_16_SOP_HISTORY_DELIVERY 历史出库_130131_raw.xml / E:\90 AI\项目\OneNoteToNotion-AI\OneNoteToNotion\bin\Debug\net10.0-windows7.0\diagnostics\00_16_SOP_HISTORY_DELIVERY 历史出库_130131_semantic.txt | 原始路径=数据字典-芜湖APS/01_基础数据_物料信息/00_16_SOP_HISTORY_DELIVERY 历史出库
2026-03-05 13:01:31.207 [INFO] [T2] [13:01:31] [同步]     页面：「00_16_SOP_HISTORY_DELIVERY 历史出库」 → 25 个内容块 [40/72] | 原始路径=数据字典-芜湖APS/01_基础数据_物料信息/00_16_SOP_HISTORY_DELIVERY 历史出库
2026-03-05 13:01:32.389 [INFO] [T2] [13:01:32] [写入完成] 「00_14_PS_MO_REQUIREMENT 工单组件」 26 个内容块已写入 | 原始路径=数据字典-芜湖APS/01_基础数据_物料信息/00_14_PS_MO_REQUIREMENT 工单组件
2026-03-05 13:01:33.153 [INFO] [T2] GetPageContentXmlAsync 开始, pageId={D62E2D9D-58B2-0BA7-0326-C2D95A1B0758}{1}{E18504872021955651086195724471533728420398135} | 原始路径=数据字典-芜湖APS/01_基础数据_物料信息/00_17_SOP_GAC_DATA 盖世数据
2026-03-05 13:01:33.403 [INFO] [T2] GetPageContentXmlAsync 成功, pageId={D62E2D9D-58B2-0BA7-0326-C2D95A1B0758}{1}{E18504872021955651086195724471533728420398135}, xmlLength=137722 | 原始路径=数据字典-芜湖APS/01_基础数据_物料信息/00_17_SOP_GAC_DATA 盖世数据
2026-03-05 13:01:33.428 [INFO] [T2] 诊断文件已保存: E:\90 AI\项目\OneNoteToNotion-AI\OneNoteToNotion\bin\Debug\net10.0-windows7.0\diagnostics\00_17_SOP_GAC_DATA 盖世数据_130133_raw.xml / E:\90 AI\项目\OneNoteToNotion-AI\OneNoteToNotion\bin\Debug\net10.0-windows7.0\diagnostics\00_17_SOP_GAC_DATA 盖世数据_130133_semantic.txt | 原始路径=数据字典-芜湖APS/01_基础数据_物料信息/00_17_SOP_GAC_DATA 盖世数据
2026-03-05 13:01:33.431 [INFO] [T2] [13:01:33] [同步]     页面：「00_17_SOP_GAC_DATA 盖世数据」 → 26 个内容块 [41/72] | 原始路径=数据字典-芜湖APS/01_基础数据_物料信息/00_17_SOP_GAC_DATA 盖世数据
2026-03-05 13:01:34.726 [INFO] [T2] [13:01:34] [写入完成] 「00_16_SOP_HISTORY_DELIVERY 历史出库」 25 个内容块已写入 | 原始路径=数据字典-芜湖APS/01_基础数据_物料信息/00_16_SOP_HISTORY_DELIVERY 历史出库
2026-03-05 13:01:35.164 [INFO] [T2] GetPageContentXmlAsync 开始, pageId={D62E2D9D-58B2-0BA7-0326-C2D95A1B0758}{1}{E18504872021955651086195724471533728420398136} | 原始路径=数据字典-芜湖APS/01_基础数据_物料信息/00_18_SOP_GAC_TRANSFORM_RELATION 盖世数据转换关系
2026-03-05 13:01:35.313 [INFO] [T2] GetPageContentXmlAsync 成功, pageId={D62E2D9D-58B2-0BA7-0326-C2D95A1B0758}{1}{E18504872021955651086195724471533728420398136}, xmlLength=111440 | 原始路径=数据字典-芜湖APS/01_基础数据_物料信息/00_18_SOP_GAC_TRANSFORM_RELATION 盖世数据转换关系
2026-03-05 13:01:35.328 [INFO] [T2] 诊断文件已保存: E:\90 AI\项目\OneNoteToNotion-AI\OneNoteToNotion\bin\Debug\net10.0-windows7.0\diagnostics\00_18_SOP_GAC_TRANSFORM_RELATION 盖世数据转换关系_130135_raw.xml / E:\90 AI\项目\OneNoteToNotion-AI\OneNoteToNotion\bin\Debug\net10.0-windows7.0\diagnostics\00_18_SOP_GAC_TRANSFORM_RELATION 盖世数据转换关系_130135_semantic.txt | 原始路径=数据字典-芜湖APS/01_基础数据_物料信息/00_18_SOP_GAC_TRANSFORM_RELATION 盖世数据转换关系
2026-03-05 13:01:35.329 [INFO] [T2] [13:01:35] [同步]     页面：「00_18_SOP_GAC_TRANSFORM_RELATION 盖世数据转换关系」 → 26 个内容块 [42/72] | 原始路径=数据字典-芜湖APS/01_基础数据_物料信息/00_18_SOP_GAC_TRANSFORM_RELATION 盖世数据转换关系
2026-03-05 13:01:39.561 [INFO] [T2] GetPageContentXmlAsync 开始, pageId={D62E2D9D-58B2-0BA7-0326-C2D95A1B0758}{1}{E18504872021955651086195724471533728420398117} | 原始路径=数据字典-芜湖APS/01_基础数据_物料信息/00_19_PS_BOM_EXPLOSION 展BOM表
2026-03-05 13:01:39.761 [INFO] [T2] GetPageContentXmlAsync 成功, pageId={D62E2D9D-58B2-0BA7-0326-C2D95A1B0758}{1}{E18504872021955651086195724471533728420398117}, xmlLength=135177 | 原始路径=数据字典-芜湖APS/01_基础数据_物料信息/00_19_PS_BOM_EXPLOSION 展BOM表
2026-03-05 13:01:39.794 [INFO] [T2] 诊断文件已保存: E:\90 AI\项目\OneNoteToNotion-AI\OneNoteToNotion\bin\Debug\net10.0-windows7.0\diagnostics\00_19_PS_BOM_EXPLOSION 展BOM表_130139_raw.xml / E:\90 AI\项目\OneNoteToNotion-AI\OneNoteToNotion\bin\Debug\net10.0-windows7.0\diagnostics\00_19_PS_BOM_EXPLOSION 展BOM表_130139_semantic.txt | 原始路径=数据字典-芜湖APS/01_基础数据_物料信息/00_19_PS_BOM_EXPLOSION 展BOM表
2026-03-05 13:01:39.796 [INFO] [T2] [13:01:39] [同步]     页面：「00_19_PS_BOM_EXPLOSION 展BOM表」 → 26 个内容块 [43/72] | 原始路径=数据字典-芜湖APS/01_基础数据_物料信息/00_19_PS_BOM_EXPLOSION 展BOM表
2026-03-05 13:01:40.173 [INFO] [T2] [13:01:40] [写入完成] 「00_18_SOP_GAC_TRANSFORM_RELATION 盖世数据转换关系」 26 个内容块已写入 | 原始路径=数据字典-芜湖APS/01_基础数据_物料信息/00_18_SOP_GAC_TRANSFORM_RELATION 盖世数据转换关系
2026-03-05 13:01:41.251 [INFO] [T2] [13:01:41] [写入完成] 「00_17_SOP_GAC_DATA 盖世数据」 26 个内容块已写入 | 原始路径=数据字典-芜湖APS/01_基础数据_物料信息/00_17_SOP_GAC_DATA 盖世数据
2026-03-05 13:01:42.872 [INFO] [T2] GetPageContentXmlAsync 开始, pageId={D62E2D9D-58B2-0BA7-0326-C2D95A1B0758}{1}{E18504872021955651086195724471533728420398142} | 原始路径=数据字典-芜湖APS/02_业务表_产销平衡
2026-03-05 13:01:42.892 [INFO] [T2] GetPageContentXmlAsync 成功, pageId={D62E2D9D-58B2-0BA7-0326-C2D95A1B0758}{1}{E18504872021955651086195724471533728420398142}, xmlLength=1259 | 原始路径=数据字典-芜湖APS/02_业务表_产销平衡
2026-03-05 13:01:42.896 [INFO] [T2] 诊断文件已保存: E:\90 AI\项目\OneNoteToNotion-AI\OneNoteToNotion\bin\Debug\net10.0-windows7.0\diagnostics\02_业务表_产销平衡_130142_raw.xml / E:\90 AI\项目\OneNoteToNotion-AI\OneNoteToNotion\bin\Debug\net10.0-windows7.0\diagnostics\02_业务表_产销平衡_130142_semantic.txt | 原始路径=数据字典-芜湖APS/02_业务表_产销平衡
2026-03-05 13:01:42.898 [INFO] [T2] [13:01:42] [同步]   页面：「02_业务表_产销平衡」 → 0 个内容块 [44/72] | 原始路径=数据字典-芜湖APS/02_业务表_产销平衡
2026-03-05 13:01:43.611 [INFO] [T2] [13:01:43] [写入完成] 「00_15_SOP_PRODUCT_INFO 产品信息维护」 26 个内容块已写入 | 原始路径=数据字典-芜湖APS/01_基础数据_物料信息/00_15_SOP_PRODUCT_INFO 产品信息维护
2026-03-05 13:01:45.530 [INFO] [T2] GetPageContentXmlAsync 开始, pageId={D62E2D9D-58B2-0BA7-0326-C2D95A1B0758}{1}{E18504872021955651086195724471533728420398146} | 原始路径=数据字典-芜湖APS/03_业务表_需求管理
2026-03-05 13:01:45.549 [INFO] [T2] GetPageContentXmlAsync 成功, pageId={D62E2D9D-58B2-0BA7-0326-C2D95A1B0758}{1}{E18504872021955651086195724471533728420398146}, xmlLength=1373 | 原始路径=数据字典-芜湖APS/03_业务表_需求管理
2026-03-05 13:01:45.552 [INFO] [T2] 诊断文件已保存: E:\90 AI\项目\OneNoteToNotion-AI\OneNoteToNotion\bin\Debug\net10.0-windows7.0\diagnostics\03_业务表_需求管理_130145_raw.xml / E:\90 AI\项目\OneNoteToNotion-AI\OneNoteToNotion\bin\Debug\net10.0-windows7.0\diagnostics\03_业务表_需求管理_130145_semantic.txt | 原始路径=数据字典-芜湖APS/03_业务表_需求管理
2026-03-05 13:01:45.554 [INFO] [T2] [13:01:45] [同步]   页面：「03_业务表_需求管理」 → 0 个内容块 [45/72] | 原始路径=数据字典-芜湖APS/03_业务表_需求管理
2026-03-05 13:01:48.166 [INFO] [T2] GetPageContentXmlAsync 开始, pageId={D62E2D9D-58B2-0BA7-0326-C2D95A1B0758}{1}{E18504872021955651086195724471533728420398147} | 原始路径=数据字典-芜湖APS/03_业务表_需求管理/00_03_PP_MTS_PEGGING MTS工作台
2026-03-05 13:01:48.306 [INFO] [T2] GetPageContentXmlAsync 成功, pageId={D62E2D9D-58B2-0BA7-0326-C2D95A1B0758}{1}{E18504872021955651086195724471533728420398147}, xmlLength=85338 | 原始路径=数据字典-芜湖APS/03_业务表_需求管理/00_03_PP_MTS_PEGGING MTS工作台
2026-03-05 13:01:48.367 [INFO] [T2] 诊断文件已保存: E:\90 AI\项目\OneNoteToNotion-AI\OneNoteToNotion\bin\Debug\net10.0-windows7.0\diagnostics\00_03_PP_MTS_PEGGING MTS工作台_130148_raw.xml / E:\90 AI\项目\OneNoteToNotion-AI\OneNoteToNotion\bin\Debug\net10.0-windows7.0\diagnostics\00_03_PP_MTS_PEGGING MTS工作台_130148_semantic.txt | 原始路径=数据字典-芜湖APS/03_业务表_需求管理/00_03_PP_MTS_PEGGING MTS工作台
2026-03-05 13:01:48.371 [INFO] [T2] [13:01:48] [同步]     页面：「00_03_PP_MTS_PEGGING MTS工作台」 → 26 个内容块 [46/72] | 原始路径=数据字典-芜湖APS/03_业务表_需求管理/00_03_PP_MTS_PEGGING MTS工作台
2026-03-05 13:01:50.754 [INFO] [T2] GetPageContentXmlAsync 开始, pageId={D62E2D9D-58B2-0BA7-0326-C2D95A1B0758}{1}{E18504872021955651086195724471533728420398162} | 原始路径=数据字典-芜湖APS/03_业务表_需求管理/00_05_PP_REQ_ORDERS 需求工作台
2026-03-05 13:01:50.786 [INFO] [T2] GetPageContentXmlAsync 成功, pageId={D62E2D9D-58B2-0BA7-0326-C2D95A1B0758}{1}{E18504872021955651086195724471533728420398162}, xmlLength=15348 | 原始路径=数据字典-芜湖APS/03_业务表_需求管理/00_05_PP_REQ_ORDERS 需求工作台
2026-03-05 13:01:50.791 [INFO] [T2] 诊断文件已保存: E:\90 AI\项目\OneNoteToNotion-AI\OneNoteToNotion\bin\Debug\net10.0-windows7.0\diagnostics\00_05_PP_REQ_ORDERS 需求工作台_130150_raw.xml / E:\90 AI\项目\OneNoteToNotion-AI\OneNoteToNotion\bin\Debug\net10.0-windows7.0\diagnostics\00_05_PP_REQ_ORDERS 需求工作台_130150_semantic.txt | 原始路径=数据字典-芜湖APS/03_业务表_需求管理/00_05_PP_REQ_ORDERS 需求工作台
2026-03-05 13:01:50.793 [INFO] [T2] [13:01:50] [同步]     页面：「00_05_PP_REQ_ORDERS 需求工作台」 → 25 个内容块 [47/72] | 原始路径=数据字典-芜湖APS/03_业务表_需求管理/00_05_PP_REQ_ORDERS 需求工作台
2026-03-05 13:01:52.146 [INFO] [T2] [13:01:52] [写入完成] 「00_05_PP_REQ_ORDERS 需求工作台」 25 个内容块已写入 | 原始路径=数据字典-芜湖APS/03_业务表_需求管理/00_05_PP_REQ_ORDERS 需求工作台
2026-03-05 13:01:53.534 [INFO] [T2] GetPageContentXmlAsync 开始, pageId={D62E2D9D-58B2-0BA7-0326-C2D95A1B0758}{1}{E18504872021955651086195724471533728420398163} | 原始路径=数据字典-芜湖APS/03_业务表_需求管理/00_05_PP_MTS_SUPPLY 供应表（MTS工作台）
2026-03-05 13:01:53.626 [INFO] [T2] GetPageContentXmlAsync 成功, pageId={D62E2D9D-58B2-0BA7-0326-C2D95A1B0758}{1}{E18504872021955651086195724471533728420398163}, xmlLength=85510 | 原始路径=数据字典-芜湖APS/03_业务表_需求管理/00_05_PP_MTS_SUPPLY 供应表（MTS工作台）
2026-03-05 13:01:53.640 [INFO] [T2] 诊断文件已保存: E:\90 AI\项目\OneNoteToNotion-AI\OneNoteToNotion\bin\Debug\net10.0-windows7.0\diagnostics\00_05_PP_MTS_SUPPLY 供应表（MTS工作台）_130153_raw.xml / E:\90 AI\项目\OneNoteToNotion-AI\OneNoteToNotion\bin\Debug\net10.0-windows7.0\diagnostics\00_05_PP_MTS_SUPPLY 供应表（MTS工作台）_130153_semantic.txt | 原始路径=数据字典-芜湖APS/03_业务表_需求管理/00_05_PP_MTS_SUPPLY 供应表（MTS工作台）
2026-03-05 13:01:53.642 [INFO] [T2] [13:01:53] [同步]     页面：「00_05_PP_MTS_SUPPLY 供应表（MTS工作台）」 → 26 个内容块 [48/72] | 原始路径=数据字典-芜湖APS/03_业务表_需求管理/00_05_PP_MTS_SUPPLY 供应表（MTS工作台）
2026-03-05 13:01:54.263 [INFO] [T2] [13:01:54] [写入完成] 「00_19_PS_BOM_EXPLOSION 展BOM表」 26 个内容块已写入 | 原始路径=数据字典-芜湖APS/01_基础数据_物料信息/00_19_PS_BOM_EXPLOSION 展BOM表
2026-03-05 13:01:54.910 [INFO] [T2] [13:01:54] [写入完成] 「00_03_PP_MTS_PEGGING MTS工作台」 26 个内容块已写入 | 原始路径=数据字典-芜湖APS/03_业务表_需求管理/00_03_PP_MTS_PEGGING MTS工作台
2026-03-05 13:01:55.410 [INFO] [T2] GetPageContentXmlAsync 开始, pageId={D62E2D9D-58B2-0BA7-0326-C2D95A1B0758}{1}{E18504872021955651086195724471533728420398148} | 原始路径=数据字典-芜湖APS/03_业务表_需求管理/00_05_PP_MTS_SUPPLY_SUB 参与MTS计算的仓库维护表
2026-03-05 13:01:55.517 [INFO] [T2] GetPageContentXmlAsync 成功, pageId={D62E2D9D-58B2-0BA7-0326-C2D95A1B0758}{1}{E18504872021955651086195724471533728420398148}, xmlLength=85527 | 原始路径=数据字典-芜湖APS/03_业务表_需求管理/00_05_PP_MTS_SUPPLY_SUB 参与MTS计算的仓库维护表
2026-03-05 13:01:55.542 [INFO] [T2] 诊断文件已保存: E:\90 AI\项目\OneNoteToNotion-AI\OneNoteToNotion\bin\Debug\net10.0-windows7.0\diagnostics\00_05_PP_MTS_SUPPLY_SUB 参与MTS计算的仓库维护表_130155_raw.xml / E:\90 AI\项目\OneNoteToNotion-AI\OneNoteToNotion\bin\Debug\net10.0-windows7.0\diagnostics\00_05_PP_MTS_SUPPLY_SUB 参与MTS计算的仓库维护表_130155_semantic.txt | 原始路径=数据字典-芜湖APS/03_业务表_需求管理/00_05_PP_MTS_SUPPLY_SUB 参与MTS计算的仓库维护表
2026-03-05 13:01:55.544 [INFO] [T2] [13:01:55] [同步]     页面：「00_05_PP_MTS_SUPPLY_SUB 参与MTS计算的仓库维护表」 → 26 个内容块 [49/72] | 原始路径=数据字典-芜湖APS/03_业务表_需求管理/00_05_PP_MTS_SUPPLY_SUB 参与MTS计算的仓库维护表
2026-03-05 13:01:56.905 [INFO] [T2] GetPageContentXmlAsync 开始, pageId={D62E2D9D-58B2-0BA7-0326-C2D95A1B0758}{1}{E18504872021955651086195724471533728420398159} | 原始路径=数据字典-芜湖APS/04_业务表_计划管理
2026-03-05 13:01:56.925 [INFO] [T2] GetPageContentXmlAsync 成功, pageId={D62E2D9D-58B2-0BA7-0326-C2D95A1B0758}{1}{E18504872021955651086195724471533728420398159}, xmlLength=2141 | 原始路径=数据字典-芜湖APS/04_业务表_计划管理
2026-03-05 13:01:56.930 [INFO] [T2] 诊断文件已保存: E:\90 AI\项目\OneNoteToNotion-AI\OneNoteToNotion\bin\Debug\net10.0-windows7.0\diagnostics\04_业务表_计划管理_130156_raw.xml / E:\90 AI\项目\OneNoteToNotion-AI\OneNoteToNotion\bin\Debug\net10.0-windows7.0\diagnostics\04_业务表_计划管理_130156_semantic.txt | 原始路径=数据字典-芜湖APS/04_业务表_计划管理
2026-03-05 13:01:56.932 [INFO] [T2] [13:01:56] [同步]   页面：「04_业务表_计划管理」 → 1 个内容块 [50/72] | 原始路径=数据字典-芜湖APS/04_业务表_计划管理
2026-03-05 13:01:57.886 [INFO] [T2] [13:01:57] [写入完成] 「04_业务表_计划管理」 1 个内容块已写入 | 原始路径=数据字典-芜湖APS/04_业务表_计划管理
2026-03-05 13:01:58.648 [INFO] [T2] GetPageContentXmlAsync 开始, pageId={D62E2D9D-58B2-0BA7-0326-C2D95A1B0758}{1}{E18504872021955651086195724471533728420398156} | 原始路径=数据字典-芜湖APS/05_业务表_生产备料
2026-03-05 13:01:58.669 [INFO] [T2] GetPageContentXmlAsync 成功, pageId={D62E2D9D-58B2-0BA7-0326-C2D95A1B0758}{1}{E18504872021955651086195724471533728420398156}, xmlLength=1373 | 原始路径=数据字典-芜湖APS/05_业务表_生产备料
2026-03-05 13:01:58.673 [INFO] [T2] 诊断文件已保存: E:\90 AI\项目\OneNoteToNotion-AI\OneNoteToNotion\bin\Debug\net10.0-windows7.0\diagnostics\05_业务表_生产备料_130158_raw.xml / E:\90 AI\项目\OneNoteToNotion-AI\OneNoteToNotion\bin\Debug\net10.0-windows7.0\diagnostics\05_业务表_生产备料_130158_semantic.txt | 原始路径=数据字典-芜湖APS/05_业务表_生产备料
2026-03-05 13:01:58.676 [INFO] [T2] [13:01:58] [同步]   页面：「05_业务表_生产备料」 → 0 个内容块 [51/72] | 原始路径=数据字典-芜湖APS/05_业务表_生产备料
2026-03-05 13:01:59.424 [INFO] [T2] [13:01:59] [写入完成] 「00_05_PP_MTS_SUPPLY 供应表（MTS工作台）」 26 个内容块已写入 | 原始路径=数据字典-芜湖APS/03_业务表_需求管理/00_05_PP_MTS_SUPPLY 供应表（MTS工作台）
2026-03-05 13:02:00.239 [INFO] [T2] GetPageContentXmlAsync 开始, pageId={D62E2D9D-58B2-0BA7-0326-C2D95A1B0758}{1}{E18504872021955651086195724471533728420398157} | 原始路径=数据字典-芜湖APS/05_业务表_生产备料/05_01_PC_PO_HEADER 送货单查询（送货单头表）
2026-03-05 13:02:00.266 [INFO] [T2] GetPageContentXmlAsync 成功, pageId={D62E2D9D-58B2-0BA7-0326-C2D95A1B0758}{1}{E18504872021955651086195724471533728420398157}, xmlLength=15168 | 原始路径=数据字典-芜湖APS/05_业务表_生产备料/05_01_PC_PO_HEADER 送货单查询（送货单头表）
2026-03-05 13:02:00.272 [INFO] [T2] 诊断文件已保存: E:\90 AI\项目\OneNoteToNotion-AI\OneNoteToNotion\bin\Debug\net10.0-windows7.0\diagnostics\05_01_PC_PO_HEADER 送货单查询（送货单头表）_130200_raw.xml / E:\90 AI\项目\OneNoteToNotion-AI\OneNoteToNotion\bin\Debug\net10.0-windows7.0\diagnostics\05_01_PC_PO_HEADER 送货单查询（送货单头表）_130200_semantic.txt | 原始路径=数据字典-芜湖APS/05_业务表_生产备料/05_01_PC_PO_HEADER 送货单查询（送货单头表）
2026-03-05 13:02:00.274 [INFO] [T2] [13:02:00] [同步]     页面：「05_01_PC_PO_HEADER 送货单查询（送货单头表）」 → 25 个内容块 [52/72] | 原始路径=数据字典-芜湖APS/05_业务表_生产备料/05_01_PC_PO_HEADER 送货单查询（送货单头表）
2026-03-05 13:02:00.532 [INFO] [T2] [13:02:00] [写入完成] 「00_05_PP_MTS_SUPPLY_SUB 参与MTS计算的仓库维护表」 26 个内容块已写入 | 原始路径=数据字典-芜湖APS/03_业务表_需求管理/00_05_PP_MTS_SUPPLY_SUB 参与MTS计算的仓库维护表
2026-03-05 13:02:01.599 [INFO] [T2] [13:02:01] [写入完成] 「05_01_PC_PO_HEADER 送货单查询（送货单头表）」 25 个内容块已写入 | 原始路径=数据字典-芜湖APS/05_业务表_生产备料/05_01_PC_PO_HEADER 送货单查询（送货单头表）
2026-03-05 13:02:03.619 [INFO] [T2] GetPageContentXmlAsync 开始, pageId={D62E2D9D-58B2-0BA7-0326-C2D95A1B0758}{1}{E18504872021955651086195724471533728420398158} | 原始路径=数据字典-芜湖APS/05_业务表_生产备料/05_02_PC_PO_LINE PO展示（送货单行表）
2026-03-05 13:02:03.650 [INFO] [T2] GetPageContentXmlAsync 成功, pageId={D62E2D9D-58B2-0BA7-0326-C2D95A1B0758}{1}{E18504872021955651086195724471533728420398158}, xmlLength=15162 | 原始路径=数据字典-芜湖APS/05_业务表_生产备料/05_02_PC_PO_LINE PO展示（送货单行表）
2026-03-05 13:02:03.656 [INFO] [T2] 诊断文件已保存: E:\90 AI\项目\OneNoteToNotion-AI\OneNoteToNotion\bin\Debug\net10.0-windows7.0\diagnostics\05_02_PC_PO_LINE PO展示（送货单行表）_130203_raw.xml / E:\90 AI\项目\OneNoteToNotion-AI\OneNoteToNotion\bin\Debug\net10.0-windows7.0\diagnostics\05_02_PC_PO_LINE PO展示（送货单行表）_130203_semantic.txt | 原始路径=数据字典-芜湖APS/05_业务表_生产备料/05_02_PC_PO_LINE PO展示（送货单行表）
2026-03-05 13:02:03.658 [INFO] [T2] [13:02:03] [同步]     页面：「05_02_PC_PO_LINE PO展示（送货单行表）」 → 25 个内容块 [53/72] | 原始路径=数据字典-芜湖APS/05_业务表_生产备料/05_02_PC_PO_LINE PO展示（送货单行表）
2026-03-05 13:02:04.772 [INFO] [T2] GetPageContentXmlAsync 开始, pageId={D62E2D9D-58B2-0BA7-0326-C2D95A1B0758}{1}{E18504872021955651086195724471533728420398143} | 原始路径=数据字典-芜湖APS/06_业务表_车间排程
2026-03-05 13:02:04.790 [INFO] [T2] GetPageContentXmlAsync 成功, pageId={D62E2D9D-58B2-0BA7-0326-C2D95A1B0758}{1}{E18504872021955651086195724471533728420398143}, xmlLength=1373 | 原始路径=数据字典-芜湖APS/06_业务表_车间排程
2026-03-05 13:02:04.795 [INFO] [T2] 诊断文件已保存: E:\90 AI\项目\OneNoteToNotion-AI\OneNoteToNotion\bin\Debug\net10.0-windows7.0\diagnostics\06_业务表_车间排程_130204_raw.xml / E:\90 AI\项目\OneNoteToNotion-AI\OneNoteToNotion\bin\Debug\net10.0-windows7.0\diagnostics\06_业务表_车间排程_130204_semantic.txt | 原始路径=数据字典-芜湖APS/06_业务表_车间排程
2026-03-05 13:02:04.797 [INFO] [T2] [13:02:04] [同步]   页面：「06_业务表_车间排程」 → 0 个内容块 [54/72] | 原始路径=数据字典-芜湖APS/06_业务表_车间排程
2026-03-05 13:02:04.846 [INFO] [T2] [13:02:04] [写入完成] 「05_02_PC_PO_LINE PO展示（送货单行表）」 25 个内容块已写入 | 原始路径=数据字典-芜湖APS/05_业务表_生产备料/05_02_PC_PO_LINE PO展示（送货单行表）
2026-03-05 13:02:05.602 [INFO] [T2] GetPageContentXmlAsync 开始, pageId={D62E2D9D-58B2-0BA7-0326-C2D95A1B0758}{1}{E1826969360954202711720171078063703319483201} | 原始路径=数据字典-芜湖APS/06_业务表_车间排程/06_01_PS_MAKE_ORDER 工单表
2026-03-05 13:02:06.200 [INFO] [T2] GetPageContentXmlAsync 成功, pageId={D62E2D9D-58B2-0BA7-0326-C2D95A1B0758}{1}{E1826969360954202711720171078063703319483201}, xmlLength=712122 | 原始路径=数据字典-芜湖APS/06_业务表_车间排程/06_01_PS_MAKE_ORDER 工单表
2026-03-05 13:02:06.236 [INFO] [T2] 诊断文件已保存: E:\90 AI\项目\OneNoteToNotion-AI\OneNoteToNotion\bin\Debug\net10.0-windows7.0\diagnostics\06_01_PS_MAKE_ORDER 工单表_130206_raw.xml / E:\90 AI\项目\OneNoteToNotion-AI\OneNoteToNotion\bin\Debug\net10.0-windows7.0\diagnostics\06_01_PS_MAKE_ORDER 工单表_130206_semantic.txt | 原始路径=数据字典-芜湖APS/06_业务表_车间排程/06_01_PS_MAKE_ORDER 工单表
2026-03-05 13:02:06.239 [INFO] [T2] [13:02:05] [同步]     页面：「06_01_PS_MAKE_ORDER 工单表」 → 20 个内容块 [55/72] | 原始路径=数据字典-芜湖APS/06_业务表_车间排程/06_01_PS_MAKE_ORDER 工单表
2026-03-05 13:02:08.113 [INFO] [T2] GetPageContentXmlAsync 开始, pageId={D62E2D9D-58B2-0BA7-0326-C2D95A1B0758}{1}{E18504872021955651086195724471533728420398144} | 原始路径=数据字典-芜湖APS/06_业务表_车间排程/06_05_PS_MO_REQUIREMENT 工单组件表
2026-03-05 13:02:08.157 [INFO] [T2] GetPageContentXmlAsync 成功, pageId={D62E2D9D-58B2-0BA7-0326-C2D95A1B0758}{1}{E18504872021955651086195724471533728420398144}, xmlLength=15465 | 原始路径=数据字典-芜湖APS/06_业务表_车间排程/06_05_PS_MO_REQUIREMENT 工单组件表
2026-03-05 13:02:08.165 [INFO] [T2] 诊断文件已保存: E:\90 AI\项目\OneNoteToNotion-AI\OneNoteToNotion\bin\Debug\net10.0-windows7.0\diagnostics\06_05_PS_MO_REQUIREMENT 工单组件表_130208_raw.xml / E:\90 AI\项目\OneNoteToNotion-AI\OneNoteToNotion\bin\Debug\net10.0-windows7.0\diagnostics\06_05_PS_MO_REQUIREMENT 工单组件表_130208_semantic.txt | 原始路径=数据字典-芜湖APS/06_业务表_车间排程/06_05_PS_MO_REQUIREMENT 工单组件表
2026-03-05 13:02:08.168 [INFO] [T2] [13:02:08] [同步]     页面：「06_05_PS_MO_REQUIREMENT 工单组件表」 → 26 个内容块 [56/72] | 原始路径=数据字典-芜湖APS/06_业务表_车间排程/06_05_PS_MO_REQUIREMENT 工单组件表
2026-03-05 13:02:09.459 [INFO] [T2] [13:02:09] [写入完成] 「06_05_PS_MO_REQUIREMENT 工单组件表」 26 个内容块已写入 | 原始路径=数据字典-芜湖APS/06_业务表_车间排程/06_05_PS_MO_REQUIREMENT 工单组件表
2026-03-05 13:02:09.778 [INFO] [T2] GetPageContentXmlAsync 开始, pageId={D62E2D9D-58B2-0BA7-0326-C2D95A1B0758}{1}{E18504872021955651086195724471533728420398145} | 原始路径=数据字典-芜湖APS/06_业务表_车间排程/06_06_PP_SHARE_PLAN_HEADER 共享件工作台头表
2026-03-05 13:02:09.868 [INFO] [T2] GetPageContentXmlAsync 成功, pageId={D62E2D9D-58B2-0BA7-0326-C2D95A1B0758}{1}{E18504872021955651086195724471533728420398145}, xmlLength=85550 | 原始路径=数据字典-芜湖APS/06_业务表_车间排程/06_06_PP_SHARE_PLAN_HEADER 共享件工作台头表
2026-03-05 13:02:09.883 [INFO] [T2] 诊断文件已保存: E:\90 AI\项目\OneNoteToNotion-AI\OneNoteToNotion\bin\Debug\net10.0-windows7.0\diagnostics\06_06_PP_SHARE_PLAN_HEADER 共享件工作台头表_130209_raw.xml / E:\90 AI\项目\OneNoteToNotion-AI\OneNoteToNotion\bin\Debug\net10.0-windows7.0\diagnostics\06_06_PP_SHARE_PLAN_HEADER 共享件工作台头表_130209_semantic.txt | 原始路径=数据字典-芜湖APS/06_业务表_车间排程/06_06_PP_SHARE_PLAN_HEADER 共享件工作台头表
2026-03-05 13:02:09.885 [INFO] [T2] [13:02:09] [同步]     页面：「06_06_PP_SHARE_PLAN_HEADER 共享件工作台头表」 → 26 个内容块 [57/72] | 原始路径=数据字典-芜湖APS/06_业务表_车间排程/06_06_PP_SHARE_PLAN_HEADER 共享件工作台头表
2026-03-05 13:02:12.416 [INFO] [T2] [13:02:12] [写入完成] 「06_01_PS_MAKE_ORDER 工单表」 20 个内容块已写入 | 原始路径=数据字典-芜湖APS/06_业务表_车间排程/06_01_PS_MAKE_ORDER 工单表
2026-03-05 13:02:13.680 [INFO] [T2] GetPageContentXmlAsync 开始, pageId={D62E2D9D-58B2-0BA7-0326-C2D95A1B0758}{1}{E19111794471218511779820152157536442256486511} | 原始路径=数据字典-芜湖APS/06_业务表_车间排程/06_07_PP_SHARE_PLAN 共享件计划单
2026-03-05 13:02:13.898 [INFO] [T2] GetPageContentXmlAsync 成功, pageId={D62E2D9D-58B2-0BA7-0326-C2D95A1B0758}{1}{E19111794471218511779820152157536442256486511}, xmlLength=300703 | 原始路径=数据字典-芜湖APS/06_业务表_车间排程/06_07_PP_SHARE_PLAN 共享件计划单
2026-03-05 13:02:13.920 [INFO] [T2] 诊断文件已保存: E:\90 AI\项目\OneNoteToNotion-AI\OneNoteToNotion\bin\Debug\net10.0-windows7.0\diagnostics\06_07_PP_SHARE_PLAN 共享件计划单_130213_raw.xml / E:\90 AI\项目\OneNoteToNotion-AI\OneNoteToNotion\bin\Debug\net10.0-windows7.0\diagnostics\06_07_PP_SHARE_PLAN 共享件计划单_130213_semantic.txt | 原始路径=数据字典-芜湖APS/06_业务表_车间排程/06_07_PP_SHARE_PLAN 共享件计划单
2026-03-05 13:02:13.922 [INFO] [T2] [13:02:13] [同步]     页面：「06_07_PP_SHARE_PLAN 共享件计划单」 → 19 个内容块 [58/72] | 原始路径=数据字典-芜湖APS/06_业务表_车间排程/06_07_PP_SHARE_PLAN 共享件计划单
2026-03-05 13:02:14.245 [INFO] [T2] [13:02:14] [写入完成] 「06_06_PP_SHARE_PLAN_HEADER 共享件工作台头表」 26 个内容块已写入 | 原始路径=数据字典-芜湖APS/06_业务表_车间排程/06_06_PP_SHARE_PLAN_HEADER 共享件工作台头表
2026-03-05 13:02:15.245 [INFO] [T2] GetPageContentXmlAsync 开始, pageId={D62E2D9D-58B2-0BA7-0326-C2D95A1B0758}{1}{E1911354224820153539961964979761313086922261} | 原始路径=数据字典-芜湖APS/06_业务表_车间排程/06_08_PS_RESOURCE_DETAIL 资源扩展表明细
2026-03-05 13:02:15.408 [INFO] [T2] GetPageContentXmlAsync 成功, pageId={D62E2D9D-58B2-0BA7-0326-C2D95A1B0758}{1}{E1911354224820153539961964979761313086922261}, xmlLength=192206 | 原始路径=数据字典-芜湖APS/06_业务表_车间排程/06_08_PS_RESOURCE_DETAIL 资源扩展表明细
2026-03-05 13:02:15.425 [INFO] [T2] 诊断文件已保存: E:\90 AI\项目\OneNoteToNotion-AI\OneNoteToNotion\bin\Debug\net10.0-windows7.0\diagnostics\06_08_PS_RESOURCE_DETAIL 资源扩展表明细_130215_raw.xml / E:\90 AI\项目\OneNoteToNotion-AI\OneNoteToNotion\bin\Debug\net10.0-windows7.0\diagnostics\06_08_PS_RESOURCE_DETAIL 资源扩展表明细_130215_semantic.txt | 原始路径=数据字典-芜湖APS/06_业务表_车间排程/06_08_PS_RESOURCE_DETAIL 资源扩展表明细
2026-03-05 13:02:15.426 [INFO] [T2] [13:02:15] [同步]     页面：「06_08_PS_RESOURCE_DETAIL 资源扩展表明细」 → 19 个内容块 [59/72] | 原始路径=数据字典-芜湖APS/06_业务表_车间排程/06_08_PS_RESOURCE_DETAIL 资源扩展表明细
2026-03-05 13:02:16.984 [INFO] [T2] GetPageContentXmlAsync 开始, pageId={D62E2D9D-58B2-0BA7-0326-C2D95A1B0758}{1}{E17803681941285498881962415992674506224951} | 原始路径=数据字典-芜湖APS/06_业务表_车间排程/06_09_PS_ITEM_DETAIL 物料扩展表
2026-03-05 13:02:17.058 [INFO] [T2] GetPageContentXmlAsync 成功, pageId={D62E2D9D-58B2-0BA7-0326-C2D95A1B0758}{1}{E17803681941285498881962415992674506224951}, xmlLength=112560 | 原始路径=数据字典-芜湖APS/06_业务表_车间排程/06_09_PS_ITEM_DETAIL 物料扩展表
2026-03-05 13:02:17.067 [INFO] [T2] 诊断文件已保存: E:\90 AI\项目\OneNoteToNotion-AI\OneNoteToNotion\bin\Debug\net10.0-windows7.0\diagnostics\06_09_PS_ITEM_DETAIL 物料扩展表_130217_raw.xml / E:\90 AI\项目\OneNoteToNotion-AI\OneNoteToNotion\bin\Debug\net10.0-windows7.0\diagnostics\06_09_PS_ITEM_DETAIL 物料扩展表_130217_semantic.txt | 原始路径=数据字典-芜湖APS/06_业务表_车间排程/06_09_PS_ITEM_DETAIL 物料扩展表
2026-03-05 13:02:17.069 [INFO] [T2] [13:02:16] [同步]     页面：「06_09_PS_ITEM_DETAIL 物料扩展表」 → 19 个内容块 [60/72] | 原始路径=数据字典-芜湖APS/06_业务表_车间排程/06_09_PS_ITEM_DETAIL 物料扩展表
2026-03-05 13:02:18.785 [INFO] [T2] [13:02:18] [写入完成] 「06_07_PP_SHARE_PLAN 共享件计划单」 19 个内容块已写入 | 原始路径=数据字典-芜湖APS/06_业务表_车间排程/06_07_PP_SHARE_PLAN 共享件计划单
2026-03-05 13:02:19.409 [INFO] [T2] [13:02:19] [写入完成] 「06_08_PS_RESOURCE_DETAIL 资源扩展表明细」 19 个内容块已写入 | 原始路径=数据字典-芜湖APS/06_业务表_车间排程/06_08_PS_RESOURCE_DETAIL 资源扩展表明细
2026-03-05 13:02:21.141 [INFO] [T2] GetPageContentXmlAsync 开始, pageId={D62E2D9D-58B2-0BA7-0326-C2D95A1B0758}{1}{E1866027055811385012520135999060887382438821} | 原始路径=数据字典-芜湖APS/06_业务表_车间排程/06_10_PP_SHARE_PLAN_DETAIL 共享件计划单明细
2026-03-05 13:02:21.239 [INFO] [T2] GetPageContentXmlAsync 成功, pageId={D62E2D9D-58B2-0BA7-0326-C2D95A1B0758}{1}{E1866027055811385012520135999060887382438821}, xmlLength=147901 | 原始路径=数据字典-芜湖APS/06_业务表_车间排程/06_10_PP_SHARE_PLAN_DETAIL 共享件计划单明细
2026-03-05 13:02:21.250 [INFO] [T2] 诊断文件已保存: E:\90 AI\项目\OneNoteToNotion-AI\OneNoteToNotion\bin\Debug\net10.0-windows7.0\diagnostics\06_10_PP_SHARE_PLAN_DETAIL 共享件计划单明细_130221_raw.xml / E:\90 AI\项目\OneNoteToNotion-AI\OneNoteToNotion\bin\Debug\net10.0-windows7.0\diagnostics\06_10_PP_SHARE_PLAN_DETAIL 共享件计划单明细_130221_semantic.txt | 原始路径=数据字典-芜湖APS/06_业务表_车间排程/06_10_PP_SHARE_PLAN_DETAIL 共享件计划单明细
2026-03-05 13:02:21.252 [INFO] [T2] [13:02:21] [同步]     页面：「06_10_PP_SHARE_PLAN_DETAIL 共享件计划单明细」 → 19 个内容块 [61/72] | 原始路径=数据字典-芜湖APS/06_业务表_车间排程/06_10_PP_SHARE_PLAN_DETAIL 共享件计划单明细
2026-03-05 13:02:21.269 [INFO] [T2] [13:02:21] [写入完成] 「06_09_PS_ITEM_DETAIL 物料扩展表」 19 个内容块已写入 | 原始路径=数据字典-芜湖APS/06_业务表_车间排程/06_09_PS_ITEM_DETAIL 物料扩展表
2026-03-05 13:02:22.511 [INFO] [T2] GetPageContentXmlAsync 开始, pageId={D62E2D9D-58B2-0BA7-0326-C2D95A1B0758}{1}{E18504872021955651086195724471533728420398155} | 原始路径=数据字典-芜湖APS/07_敏捷开发
2026-03-05 13:02:22.534 [INFO] [T2] GetPageContentXmlAsync 成功, pageId={D62E2D9D-58B2-0BA7-0326-C2D95A1B0758}{1}{E18504872021955651086195724471533728420398155}, xmlLength=1201 | 原始路径=数据字典-芜湖APS/07_敏捷开发
2026-03-05 13:02:22.539 [INFO] [T2] 诊断文件已保存: E:\90 AI\项目\OneNoteToNotion-AI\OneNoteToNotion\bin\Debug\net10.0-windows7.0\diagnostics\07_敏捷开发_130222_raw.xml / E:\90 AI\项目\OneNoteToNotion-AI\OneNoteToNotion\bin\Debug\net10.0-windows7.0\diagnostics\07_敏捷开发_130222_semantic.txt | 原始路径=数据字典-芜湖APS/07_敏捷开发
2026-03-05 13:02:22.541 [INFO] [T2] [13:02:22] [同步]   页面：「07_敏捷开发」 → 0 个内容块 [62/72] | 原始路径=数据字典-芜湖APS/07_敏捷开发
2026-03-05 13:02:23.412 [INFO] [T2] [13:02:23] [写入完成] 「06_10_PP_SHARE_PLAN_DETAIL 共享件计划单明细」 19 个内容块已写入 | 原始路径=数据字典-芜湖APS/06_业务表_车间排程/06_10_PP_SHARE_PLAN_DETAIL 共享件计划单明细
2026-03-05 13:02:24.199 [INFO] [T2] GetPageContentXmlAsync 开始, pageId={D62E2D9D-58B2-0BA7-0326-C2D95A1B0758}{1}{E18504872021955651086195724471533728420398149} | 原始路径=数据字典-芜湖APS/08_报表
2026-03-05 13:02:24.216 [INFO] [T2] GetPageContentXmlAsync 成功, pageId={D62E2D9D-58B2-0BA7-0326-C2D95A1B0758}{1}{E18504872021955651086195724471533728420398149}, xmlLength=1197 | 原始路径=数据字典-芜湖APS/08_报表
2026-03-05 13:02:24.220 [INFO] [T2] 诊断文件已保存: E:\90 AI\项目\OneNoteToNotion-AI\OneNoteToNotion\bin\Debug\net10.0-windows7.0\diagnostics\08_报表_130224_raw.xml / E:\90 AI\项目\OneNoteToNotion-AI\OneNoteToNotion\bin\Debug\net10.0-windows7.0\diagnostics\08_报表_130224_semantic.txt | 原始路径=数据字典-芜湖APS/08_报表
2026-03-05 13:02:24.222 [INFO] [T2] [13:02:24] [同步]   页面：「08_报表」 → 0 个内容块 [63/72] | 原始路径=数据字典-芜湖APS/08_报表
2026-03-05 13:02:27.052 [INFO] [T2] GetPageContentXmlAsync 开始, pageId={D62E2D9D-58B2-0BA7-0326-C2D95A1B0758}{1}{E18504872021955651086195724471533728420398150} | 原始路径=数据字典-芜湖APS/08_报表/04_01_PI_DEMAND_ANALYSIS 发货需求分析
2026-03-05 13:02:27.158 [INFO] [T2] GetPageContentXmlAsync 成功, pageId={D62E2D9D-58B2-0BA7-0326-C2D95A1B0758}{1}{E18504872021955651086195724471533728420398150}, xmlLength=89632 | 原始路径=数据字典-芜湖APS/08_报表/04_01_PI_DEMAND_ANALYSIS 发货需求分析
2026-03-05 13:02:27.178 [INFO] [T2] 诊断文件已保存: E:\90 AI\项目\OneNoteToNotion-AI\OneNoteToNotion\bin\Debug\net10.0-windows7.0\diagnostics\04_01_PI_DEMAND_ANALYSIS 发货需求分析_130227_raw.xml / E:\90 AI\项目\OneNoteToNotion-AI\OneNoteToNotion\bin\Debug\net10.0-windows7.0\diagnostics\04_01_PI_DEMAND_ANALYSIS 发货需求分析_130227_semantic.txt | 原始路径=数据字典-芜湖APS/08_报表/04_01_PI_DEMAND_ANALYSIS 发货需求分析
2026-03-05 13:02:27.181 [INFO] [T2] [13:02:27] [同步]     页面：「04_01_PI_DEMAND_ANALYSIS 发货需求分析」 → 26 个内容块 [64/72] | 原始路径=数据字典-芜湖APS/08_报表/04_01_PI_DEMAND_ANALYSIS 发货需求分析
2026-03-05 13:02:28.769 [INFO] [T2] GetPageContentXmlAsync 开始, pageId={D62E2D9D-58B2-0BA7-0326-C2D95A1B0758}{1}{E18504872021955651086195724471533728420398151} | 原始路径=数据字典-芜湖APS/08_报表/04_02_PR_INVENTORY_DOS 库存DOS分析
2026-03-05 13:02:28.857 [INFO] [T2] GetPageContentXmlAsync 成功, pageId={D62E2D9D-58B2-0BA7-0326-C2D95A1B0758}{1}{E18504872021955651086195724471533728420398151}, xmlLength=74709 | 原始路径=数据字典-芜湖APS/08_报表/04_02_PR_INVENTORY_DOS 库存DOS分析
2026-03-05 13:02:28.877 [INFO] [T2] 诊断文件已保存: E:\90 AI\项目\OneNoteToNotion-AI\OneNoteToNotion\bin\Debug\net10.0-windows7.0\diagnostics\04_02_PR_INVENTORY_DOS 库存DOS分析_130228_raw.xml / E:\90 AI\项目\OneNoteToNotion-AI\OneNoteToNotion\bin\Debug\net10.0-windows7.0\diagnostics\04_02_PR_INVENTORY_DOS 库存DOS分析_130228_semantic.txt | 原始路径=数据字典-芜湖APS/08_报表/04_02_PR_INVENTORY_DOS 库存DOS分析
2026-03-05 13:02:28.879 [INFO] [T2] [13:02:28] [同步]     页面：「04_02_PR_INVENTORY_DOS 库存DOS分析」 → 26 个内容块 [65/72] | 原始路径=数据字典-芜湖APS/08_报表/04_02_PR_INVENTORY_DOS 库存DOS分析
2026-03-05 13:02:30.090 [INFO] [T2] [13:02:30] [写入完成] 「04_01_PI_DEMAND_ANALYSIS 发货需求分析」 26 个内容块已写入 | 原始路径=数据字典-芜湖APS/08_报表/04_01_PI_DEMAND_ANALYSIS 发货需求分析
2026-03-05 13:02:30.839 [INFO] [T2] GetPageContentXmlAsync 开始, pageId={D62E2D9D-58B2-0BA7-0326-C2D95A1B0758}{1}{E18504872021955651086195724471533728420398152} | 原始路径=数据字典-芜湖APS/08_报表/04_03_PR_INVENTORY_DOS_DEMAND 库存DOS需求
2026-03-05 13:02:30.989 [INFO] [T2] GetPageContentXmlAsync 成功, pageId={D62E2D9D-58B2-0BA7-0326-C2D95A1B0758}{1}{E18504872021955651086195724471533728420398152}, xmlLength=97970 | 原始路径=数据字典-芜湖APS/08_报表/04_03_PR_INVENTORY_DOS_DEMAND 库存DOS需求
2026-03-05 13:02:31.015 [INFO] [T2] 诊断文件已保存: E:\90 AI\项目\OneNoteToNotion-AI\OneNoteToNotion\bin\Debug\net10.0-windows7.0\diagnostics\04_03_PR_INVENTORY_DOS_DEMAND 库存DOS需求_130231_raw.xml / E:\90 AI\项目\OneNoteToNotion-AI\OneNoteToNotion\bin\Debug\net10.0-windows7.0\diagnostics\04_03_PR_INVENTORY_DOS_DEMAND 库存DOS需求_130231_semantic.txt | 原始路径=数据字典-芜湖APS/08_报表/04_03_PR_INVENTORY_DOS_DEMAND 库存DOS需求
2026-03-05 13:02:31.017 [INFO] [T2] [13:02:30] [同步]     页面：「04_03_PR_INVENTORY_DOS_DEMAND 库存DOS需求」 → 26 个内容块 [66/72] | 原始路径=数据字典-芜湖APS/08_报表/04_03_PR_INVENTORY_DOS_DEMAND 库存DOS需求
2026-03-05 13:02:32.116 [INFO] [T2] [13:02:32] [写入完成] 「04_02_PR_INVENTORY_DOS 库存DOS分析」 26 个内容块已写入 | 原始路径=数据字典-芜湖APS/08_报表/04_02_PR_INVENTORY_DOS 库存DOS分析
2026-03-05 13:02:34.533 [INFO] [T2] GetPageContentXmlAsync 开始, pageId={D62E2D9D-58B2-0BA7-0326-C2D95A1B0758}{1}{E18504872021955651086195724471533728420398138} | 原始路径=数据字典-芜湖APS/09_接口表
2026-03-05 13:02:34.553 [INFO] [T2] GetPageContentXmlAsync 成功, pageId={D62E2D9D-58B2-0BA7-0326-C2D95A1B0758}{1}{E18504872021955651086195724471533728420398138}, xmlLength=1118 | 原始路径=数据字典-芜湖APS/09_接口表
2026-03-05 13:02:34.558 [INFO] [T2] 诊断文件已保存: E:\90 AI\项目\OneNoteToNotion-AI\OneNoteToNotion\bin\Debug\net10.0-windows7.0\diagnostics\09_接口表_130234_raw.xml / E:\90 AI\项目\OneNoteToNotion-AI\OneNoteToNotion\bin\Debug\net10.0-windows7.0\diagnostics\09_接口表_130234_semantic.txt | 原始路径=数据字典-芜湖APS/09_接口表
2026-03-05 13:02:34.560 [INFO] [T2] [13:02:34] [同步]   页面：「09_接口表」 → 0 个内容块 [67/72] | 原始路径=数据字典-芜湖APS/09_接口表
2026-03-05 13:02:41.394 [INFO] [T2] GetPageContentXmlAsync 开始, pageId={D62E2D9D-58B2-0BA7-0326-C2D95A1B0758}{1}{E18504872021955651086195724471533728420398139} | 原始路径=数据字典-芜湖APS/09_接口表/012_APS-SRM
2026-03-05 13:02:41.414 [INFO] [T2] GetPageContentXmlAsync 成功, pageId={D62E2D9D-58B2-0BA7-0326-C2D95A1B0758}{1}{E18504872021955651086195724471533728420398139}, xmlLength=998 | 原始路径=数据字典-芜湖APS/09_接口表/012_APS-SRM
2026-03-05 13:02:41.419 [INFO] [T2] 诊断文件已保存: E:\90 AI\项目\OneNoteToNotion-AI\OneNoteToNotion\bin\Debug\net10.0-windows7.0\diagnostics\012_APS-SRM_130241_raw.xml / E:\90 AI\项目\OneNoteToNotion-AI\OneNoteToNotion\bin\Debug\net10.0-windows7.0\diagnostics\012_APS-SRM_130241_semantic.txt | 原始路径=数据字典-芜湖APS/09_接口表/012_APS-SRM
2026-03-05 13:02:41.422 [INFO] [T2] [13:02:41] [同步]     页面：「012_APS-SRM」 → 0 个内容块 [68/72] | 原始路径=数据字典-芜湖APS/09_接口表/012_APS-SRM
2026-03-05 13:02:41.454 [INFO] [T2] [13:02:41] [写入完成] 「04_03_PR_INVENTORY_DOS_DEMAND 库存DOS需求」 26 个内容块已写入 | 原始路径=数据字典-芜湖APS/08_报表/04_03_PR_INVENTORY_DOS_DEMAND 库存DOS需求
2026-03-05 13:02:43.811 [INFO] [T2] GetPageContentXmlAsync 开始, pageId={D62E2D9D-58B2-0BA7-0326-C2D95A1B0758}{1}{E18504872021955651086195724471533728420398140} | 原始路径=数据字典-芜湖APS/09_接口表/013_APS-MES
2026-03-05 13:02:43.828 [INFO] [T2] GetPageContentXmlAsync 成功, pageId={D62E2D9D-58B2-0BA7-0326-C2D95A1B0758}{1}{E18504872021955651086195724471533728420398140}, xmlLength=998 | 原始路径=数据字典-芜湖APS/09_接口表/013_APS-MES
2026-03-05 13:02:43.832 [INFO] [T2] 诊断文件已保存: E:\90 AI\项目\OneNoteToNotion-AI\OneNoteToNotion\bin\Debug\net10.0-windows7.0\diagnostics\013_APS-MES_130243_raw.xml / E:\90 AI\项目\OneNoteToNotion-AI\OneNoteToNotion\bin\Debug\net10.0-windows7.0\diagnostics\013_APS-MES_130243_semantic.txt | 原始路径=数据字典-芜湖APS/09_接口表/013_APS-MES
2026-03-05 13:02:43.833 [INFO] [T2] [13:02:43] [同步]     页面：「013_APS-MES」 → 0 个内容块 [69/72] | 原始路径=数据字典-芜湖APS/09_接口表/013_APS-MES
2026-03-05 13:02:45.260 [INFO] [T2] GetPageContentXmlAsync 开始, pageId={D62E2D9D-58B2-0BA7-0326-C2D95A1B0758}{1}{E18504872021955651086195724471533728420398141} | 原始路径=数据字典-芜湖APS/09_接口表/011_APS-ERP
2026-03-05 13:02:45.289 [INFO] [T2] GetPageContentXmlAsync 成功, pageId={D62E2D9D-58B2-0BA7-0326-C2D95A1B0758}{1}{E18504872021955651086195724471533728420398141}, xmlLength=4040 | 原始路径=数据字典-芜湖APS/09_接口表/011_APS-ERP
2026-03-05 13:02:45.293 [INFO] [T2] 诊断文件已保存: E:\90 AI\项目\OneNoteToNotion-AI\OneNoteToNotion\bin\Debug\net10.0-windows7.0\diagnostics\011_APS-ERP_130245_raw.xml / E:\90 AI\项目\OneNoteToNotion-AI\OneNoteToNotion\bin\Debug\net10.0-windows7.0\diagnostics\011_APS-ERP_130245_semantic.txt | 原始路径=数据字典-芜湖APS/09_接口表/011_APS-ERP
2026-03-05 13:02:45.295 [INFO] [T2] [13:02:45] [同步]     页面：「011_APS-ERP」 → 4 个内容块 [70/72] | 原始路径=数据字典-芜湖APS/09_接口表/011_APS-ERP
2026-03-05 13:02:46.168 [INFO] [T2] [13:02:46] [写入完成] 「011_APS-ERP」 4 个内容块已写入 | 原始路径=数据字典-芜湖APS/09_接口表/011_APS-ERP
2026-03-05 13:02:46.618 [INFO] [T2] GetPageContentXmlAsync 开始, pageId={D62E2D9D-58B2-0BA7-0326-C2D95A1B0758}{1}{E18504872021955651086195724471533728420398153} | 原始路径=数据字典-芜湖APS/10_请求管理
2026-03-05 13:02:46.643 [INFO] [T2] GetPageContentXmlAsync 成功, pageId={D62E2D9D-58B2-0BA7-0326-C2D95A1B0758}{1}{E18504872021955651086195724471533728420398153}, xmlLength=1201 | 原始路径=数据字典-芜湖APS/10_请求管理
2026-03-05 13:02:46.646 [INFO] [T2] 诊断文件已保存: E:\90 AI\项目\OneNoteToNotion-AI\OneNoteToNotion\bin\Debug\net10.0-windows7.0\diagnostics\10_请求管理_130246_raw.xml / E:\90 AI\项目\OneNoteToNotion-AI\OneNoteToNotion\bin\Debug\net10.0-windows7.0\diagnostics\10_请求管理_130246_semantic.txt | 原始路径=数据字典-芜湖APS/10_请求管理
2026-03-05 13:02:46.648 [INFO] [T2] [13:02:46] [同步]   页面：「10_请求管理」 → 0 个内容块 [71/72] | 原始路径=数据字典-芜湖APS/10_请求管理
2026-03-05 13:02:47.911 [INFO] [T2] GetPageContentXmlAsync 开始, pageId={D62E2D9D-58B2-0BA7-0326-C2D95A1B0758}{1}{E18504872021955651086195724471533728420398154} | 原始路径=数据字典-芜湖APS/11_系统设置
2026-03-05 13:02:47.930 [INFO] [T2] GetPageContentXmlAsync 成功, pageId={D62E2D9D-58B2-0BA7-0326-C2D95A1B0758}{1}{E18504872021955651086195724471533728420398154}, xmlLength=1201 | 原始路径=数据字典-芜湖APS/11_系统设置
2026-03-05 13:02:47.934 [INFO] [T2] 诊断文件已保存: E:\90 AI\项目\OneNoteToNotion-AI\OneNoteToNotion\bin\Debug\net10.0-windows7.0\diagnostics\11_系统设置_130247_raw.xml / E:\90 AI\项目\OneNoteToNotion-AI\OneNoteToNotion\bin\Debug\net10.0-windows7.0\diagnostics\11_系统设置_130247_semantic.txt | 原始路径=数据字典-芜湖APS/11_系统设置
2026-03-05 13:02:47.935 [INFO] [T2] [13:02:47] [同步]   页面：「11_系统设置」 → 0 个内容块 [72/72] | 原始路径=数据字典-芜湖APS/11_系统设置
2026-03-05 13:02:47.994 [INFO] [T2] 已强制终止 OneNote 进程 PID=43300 | 原始路径=-
2026-03-05 13:02:48.664 [INFO] [T2] 从 WebView2 URL 自动提取 PageId=31a53152d8668066b218dfaddc5e366b | 原始路径=-
2026-03-05 13:02:49.963 [INFO] [T2] 从 WebView2 URL 自动提取 PageId=31a53152d8668066b218dfaddc5e366b | 原始路径=-
2026-03-05 13:07:21.062 [INFO] [T2] 从 WebView2 URL 自动提取 PageId=31a53152d8668066b218dfaddc5e366b | 原始路径=-
2026-03-05 13:07:22.288 [INFO] [T2] 从 WebView2 URL 自动提取 PageId=31a53152d8668158a08fddf8d6c19094 | 原始路径=-
2026-03-05 13:07:22.335 [INFO] [T2] 从 WebView2 URL 自动提取 PageId=31a53152d8668158a08fddf8d6c19094 | 原始路径=-
